Jan 28 13:56:20 shrinivaasanka-Inspiron-1545 kernel: [    0.000000] Initializing cgroup subsys cpuset
Jan 28 13:56:20 shrinivaasanka-Inspiron-1545 kernel: [    0.000000] Initializing cgroup subsys cpu
Jan 28 13:56:20 shrinivaasanka-Inspiron-1545 kernel: [    0.000000] Initializing cgroup subsys cpuacct
Jan 28 13:56:20 shrinivaasanka-Inspiron-1545 kernel: [    0.000000] Linux version 4.1.5 (root@shrinivaasanka-Inspiron-1545) (gcc version 4.9.2 (Ubuntu 4.9.2-10ubuntu13) ) #15 SMP Sun Oct 4 19:55:36 IST 2015
Jan 28 13:56:20 shrinivaasanka-Inspiron-1545 kernel: [    0.000000] KERNEL supported cpus:
Jan 28 13:56:20 shrinivaasanka-Inspiron-1545 kernel: [    0.000000]   Intel GenuineIntel
Jan 28 13:56:20 shrinivaasanka-Inspiron-1545 kernel: [    0.000000]   AMD AuthenticAMD
Jan 28 13:56:20 shrinivaasanka-Inspiron-1545 kernel: [    0.000000]   NSC Geode by NSC
Jan 28 13:56:20 shrinivaasanka-Inspiron-1545 kernel: [    0.000000]   Cyrix CyrixInstead
Jan 28 13:56:20 shrinivaasanka-Inspiron-1545 kernel: [    0.000000]   Centaur CentaurHauls
Jan 28 13:56:20 shrinivaasanka-Inspiron-1545 kernel: [    0.000000]   Transmeta GenuineTMx86
Jan 28 13:56:20 shrinivaasanka-Inspiron-1545 kernel: [    0.000000]   Transmeta TransmetaCPU
Jan 28 13:56:20 shrinivaasanka-Inspiron-1545 kernel: [    0.000000]   UMC UMC UMC UMC
Jan 28 13:56:20 shrinivaasanka-Inspiron-1545 kernel: [    0.000000] e820: BIOS-provided physical RAM map:
Jan 28 13:56:20 shrinivaasanka-Inspiron-1545 kernel: [    0.000000] BIOS-e820: [mem 0x0000000000000000-0x000000000009efff] usable
Jan 28 13:56:20 shrinivaasanka-Inspiron-1545 kernel: [    0.000000] BIOS-e820: [mem 0x000000000009f000-0x000000000009ffff] reserved
Jan 28 13:56:20 shrinivaasanka-Inspiron-1545 kernel: [    0.000000] BIOS-e820: [mem 0x0000000000100000-0x00000000bd8bf3ff] usable
Jan 28 13:56:20 shrinivaasanka-Inspiron-1545 kernel: [    0.000000] BIOS-e820: [mem 0x00000000bd8bf400-0x00000000bdac13ff] ACPI NVS
Jan 28 13:56:20 shrinivaasanka-Inspiron-1545 kernel: [    0.000000] BIOS-e820: [mem 0x00000000bdac1400-0x00000000bfffffff] reserved
Jan 28 13:56:20 shrinivaasanka-Inspiron-1545 kernel: [    0.000000] BIOS-e820: [mem 0x00000000f8000000-0x00000000fbffffff] reserved
Jan 28 13:56:20 shrinivaasanka-Inspiron-1545 kernel: [    0.000000] BIOS-e820: [mem 0x00000000fec00000-0x00000000fec0ffff] reserved
Jan 28 13:56:20 shrinivaasanka-Inspiron-1545 kernel: [    0.000000] BIOS-e820: [mem 0x00000000fed18000-0x00000000fed1bfff] reserved
Jan 28 13:56:20 shrinivaasanka-Inspiron-1545 kernel: [    0.000000] BIOS-e820: [mem 0x00000000fed20000-0x00000000fed8ffff] reserved
Jan 28 13:56:20 shrinivaasanka-Inspiron-1545 kernel: [    0.000000] BIOS-e820: [mem 0x00000000feda0000-0x00000000feda5fff] reserved
Jan 28 13:56:20 shrinivaasanka-Inspiron-1545 kernel: [    0.000000] BIOS-e820: [mem 0x00000000fee00000-0x00000000fee0ffff] reserved
Jan 28 13:56:20 shrinivaasanka-Inspiron-1545 kernel: [    0.000000] BIOS-e820: [mem 0x00000000ffe00000-0x00000000ffffffff] reserved
Jan 28 13:56:20 shrinivaasanka-Inspiron-1545 kernel: [    0.000000] NX (Execute Disable) protection: active
Jan 28 13:56:20 shrinivaasanka-Inspiron-1545 kernel: [    0.000000] SMBIOS 2.4 present.
Jan 28 13:56:20 shrinivaasanka-Inspiron-1545 kernel: [    0.000000] DMI: Dell Inc. Inspiron 1545                   /0J037P, BIOS A14 12/07/2009
Jan 28 13:56:20 shrinivaasanka-Inspiron-1545 kernel: [    0.000000] e820: update [mem 0x00000000-0x00000fff] usable ==> reserved
Jan 28 13:56:20 shrinivaasanka-Inspiron-1545 kernel: [    0.000000] e820: remove [mem 0x000a0000-0x000fffff] usable
Jan 28 13:56:20 shrinivaasanka-Inspiron-1545 kernel: [    0.000000] e820: last_pfn = 0xbd8bf max_arch_pfn = 0x1000000
Jan 28 13:56:20 shrinivaasanka-Inspiron-1545 kernel: [    0.000000] MTRR default type: uncachable
Jan 28 13:56:20 shrinivaasanka-Inspiron-1545 kernel: [    0.000000] MTRR fixed ranges enabled:
Jan 28 13:56:20 shrinivaasanka-Inspiron-1545 kernel: [    0.000000]   00000-9FFFF write-back
Jan 28 13:56:20 shrinivaasanka-Inspiron-1545 kernel: [    0.000000]   A0000-BFFFF uncachable
Jan 28 13:56:20 shrinivaasanka-Inspiron-1545 kernel: [    0.000000]   C0000-CFFFF write-protect
Jan 28 13:56:20 shrinivaasanka-Inspiron-1545 kernel: [    0.000000]   D0000-EFFFF uncachable
Jan 28 13:56:20 shrinivaasanka-Inspiron-1545 kernel: [    0.000000]   F0000-FFFFF write-protect
Jan 28 13:56:20 shrinivaasanka-Inspiron-1545 kernel: [    0.000000] MTRR variable ranges enabled:
Jan 28 13:56:20 shrinivaasanka-Inspiron-1545 kernel: [    0.000000]   0 base 000000000 mask 800000000 write-back
Jan 28 13:56:20 shrinivaasanka-Inspiron-1545 kernel: [    0.000000]   1 base 0E0000000 mask FE0000000 uncachable
Jan 28 13:56:20 shrinivaasanka-Inspiron-1545 kernel: [    0.000000]   2 base 0BDC00000 mask FFFC00000 uncachable
Jan 28 13:56:20 shrinivaasanka-Inspiron-1545 kernel: [    0.000000]   3 base 0BE000000 mask FFE000000 uncachable
Jan 28 13:56:20 shrinivaasanka-Inspiron-1545 kernel: [    0.000000]   4 disabled
Jan 28 13:56:20 shrinivaasanka-Inspiron-1545 kernel: [    0.000000]   5 disabled
Jan 28 13:56:20 shrinivaasanka-Inspiron-1545 kernel: [    0.000000]   6 disabled
Jan 28 13:56:20 shrinivaasanka-Inspiron-1545 kernel: [    0.000000] PAT configuration [0-7]: WB  WC  UC- UC  WB  WC  UC- UC  
Jan 28 13:56:20 shrinivaasanka-Inspiron-1545 kernel: [    0.000000] original variable MTRRs
Jan 28 13:56:20 shrinivaasanka-Inspiron-1545 kernel: [    0.000000] reg 0, base: 0GB, range: 32GB, type WB
Jan 28 13:56:20 shrinivaasanka-Inspiron-1545 kernel: [    0.000000] reg 1, base: 3584MB, range: 512MB, type UC
Jan 28 13:56:20 shrinivaasanka-Inspiron-1545 kernel: [    0.000000] reg 2, base: 3036MB, range: 4MB, type UC
Jan 28 13:56:20 shrinivaasanka-Inspiron-1545 kernel: [    0.000000] reg 3, base: 3040MB, range: 32MB, type UC
Jan 28 13:56:20 shrinivaasanka-Inspiron-1545 kernel: [    0.000000] total RAM covered: 32220M
Jan 28 13:56:20 shrinivaasanka-Inspiron-1545 kernel: [    0.000000]  gran_size: 64K 	chunk_size: 64K 	num_reg: 7  	lose cover RAM: 29188M
Jan 28 13:56:20 shrinivaasanka-Inspiron-1545 kernel: [    0.000000]  gran_size: 64K 	chunk_size: 128K 	num_reg: 7  	lose cover RAM: 29188M
Jan 28 13:56:20 shrinivaasanka-Inspiron-1545 kernel: [    0.000000]  gran_size: 64K 	chunk_size: 256K 	num_reg: 7  	lose cover RAM: 29188M
Jan 28 13:56:20 shrinivaasanka-Inspiron-1545 kernel: [    0.000000]  gran_size: 64K 	chunk_size: 512K 	num_reg: 7  	lose cover RAM: 29188M
Jan 28 13:56:20 shrinivaasanka-Inspiron-1545 kernel: [    0.000000]  gran_size: 64K 	chunk_size: 1M 	num_reg: 7  	lose cover RAM: 29188M
Jan 28 13:56:20 shrinivaasanka-Inspiron-1545 kernel: [    0.000000]  gran_size: 64K 	chunk_size: 2M 	num_reg: 7  	lose cover RAM: 29188M
Jan 28 13:56:20 shrinivaasanka-Inspiron-1545 kernel: [    0.000000]  gran_size: 64K 	chunk_size: 4M 	num_reg: 7  	lose cover RAM: 29188M
Jan 28 13:56:20 shrinivaasanka-Inspiron-1545 kernel: [    0.000000]  gran_size: 64K 	chunk_size: 8M 	num_reg: 7  	lose cover RAM: 29184M
Jan 28 13:56:20 shrinivaasanka-Inspiron-1545 kernel: [    0.000000]  gran_size: 64K 	chunk_size: 16M 	num_reg: 7  	lose cover RAM: 29184M
Jan 28 13:56:20 shrinivaasanka-Inspiron-1545 kernel: [    0.000000]  gran_size: 64K 	chunk_size: 32M 	num_reg: 7  	lose cover RAM: 29184M
Jan 28 13:56:20 shrinivaasanka-Inspiron-1545 kernel: [    0.000000]  gran_size: 64K 	chunk_size: 64M 	num_reg: 7  	lose cover RAM: 16G
Jan 28 13:56:20 shrinivaasanka-Inspiron-1545 kernel: [    0.000000]  gran_size: 64K 	chunk_size: 128M 	num_reg: 7  	lose cover RAM: 16G
Jan 28 13:56:20 shrinivaasanka-Inspiron-1545 kernel: [    0.000000]  gran_size: 64K 	chunk_size: 256M 	num_reg: 7  	lose cover RAM: 16G
Jan 28 13:56:20 shrinivaasanka-Inspiron-1545 kernel: [    0.000000]  gran_size: 64K 	chunk_size: 512M 	num_reg: 7  	lose cover RAM: 16G
Jan 28 13:56:20 shrinivaasanka-Inspiron-1545 kernel: [    0.000000]  gran_size: 64K 	chunk_size: 1G 	num_reg: 7  	lose cover RAM: 16G
Jan 28 13:56:20 shrinivaasanka-Inspiron-1545 kernel: [    0.000000]  gran_size: 64K 	chunk_size: 2G 	num_reg: 7  	lose cover RAM: 29188M
Jan 28 13:56:20 shrinivaasanka-Inspiron-1545 kernel: [    0.000000]  gran_size: 128K 	chunk_size: 128K 	num_reg: 7  	lose cover RAM: 29188M
Jan 28 13:56:20 shrinivaasanka-Inspiron-1545 kernel: [    0.000000]  gran_size: 128K 	chunk_size: 256K 	num_reg: 7  	lose cover RAM: 29188M
Jan 28 13:56:20 shrinivaasanka-Inspiron-1545 kernel: [    0.000000]  gran_size: 128K 	chunk_size: 512K 	num_reg: 7  	lose cover RAM: 29188M
Jan 28 13:56:20 shrinivaasanka-Inspiron-1545 kernel: [    0.000000]  gran_size: 128K 	chunk_size: 1M 	num_reg: 7  	lose cover RAM: 29188M
Jan 28 13:56:20 shrinivaasanka-Inspiron-1545 kernel: [    0.000000]  gran_size: 128K 	chunk_size: 2M 	num_reg: 7  	lose cover RAM: 29188M
Jan 28 13:56:20 shrinivaasanka-Inspiron-1545 kernel: [    0.000000]  gran_size: 128K 	chunk_size: 4M 	num_reg: 7  	lose cover RAM: 29188M
Jan 28 13:56:20 shrinivaasanka-Inspiron-1545 kernel: [    0.000000]  gran_size: 128K 	chunk_size: 8M 	num_reg: 7  	lose cover RAM: 29184M
Jan 28 13:56:20 shrinivaasanka-Inspiron-1545 kernel: [    0.000000]  gran_size: 128K 	chunk_size: 16M 	num_reg: 7  	lose cover RAM: 29184M
Jan 28 13:56:20 shrinivaasanka-Inspiron-1545 kernel: [    0.000000]  gran_size: 128K 	chunk_size: 32M 	num_reg: 7  	lose cover RAM: 29184M
Jan 28 13:56:20 shrinivaasanka-Inspiron-1545 kernel: [    0.000000]  gran_size: 128K 	chunk_size: 64M 	num_reg: 7  	lose cover RAM: 16G
Jan 28 13:56:20 shrinivaasanka-Inspiron-1545 kernel: [    0.000000]  gran_size: 128K 	chunk_size: 128M 	num_reg: 7  	lose cover RAM: 16G
Jan 28 13:56:20 shrinivaasanka-Inspiron-1545 kernel: [    0.000000]  gran_size: 128K 	chunk_size: 256M 	num_reg: 7  	lose cover RAM: 16G
Jan 28 13:56:20 shrinivaasanka-Inspiron-1545 kernel: [    0.000000]  gran_size: 128K 	chunk_size: 512M 	num_reg: 7  	lose cover RAM: 16G
Jan 28 13:56:20 shrinivaasanka-Inspiron-1545 kernel: [    0.000000]  gran_size: 128K 	chunk_size: 1G 	num_reg: 7  	lose cover RAM: 16G
Jan 28 13:56:20 shrinivaasanka-Inspiron-1545 kernel: [    0.000000]  gran_size: 128K 	chunk_size: 2G 	num_reg: 7  	lose cover RAM: 29188M
Jan 28 13:56:20 shrinivaasanka-Inspiron-1545 kernel: [    0.000000]  gran_size: 256K 	chunk_size: 256K 	num_reg: 7  	lose cover RAM: 29188M
Jan 28 13:56:20 shrinivaasanka-Inspiron-1545 kernel: [    0.000000]  gran_size: 256K 	chunk_size: 512K 	num_reg: 7  	lose cover RAM: 29188M
Jan 28 13:56:20 shrinivaasanka-Inspiron-1545 kernel: [    0.000000]  gran_size: 256K 	chunk_size: 1M 	num_reg: 7  	lose cover RAM: 29188M
Jan 28 13:56:20 shrinivaasanka-Inspiron-1545 kernel: [    0.000000]  gran_size: 256K 	chunk_size: 2M 	num_reg: 7  	lose cover RAM: 29188M
Jan 28 13:56:20 shrinivaasanka-Inspiron-1545 kernel: [    0.000000]  gran_size: 256K 	chunk_size: 4M 	num_reg: 7  	lose cover RAM: 29188M
Jan 28 13:56:20 shrinivaasanka-Inspiron-1545 kernel: [    0.000000]  gran_size: 256K 	chunk_size: 8M 	num_reg: 7  	lose cover RAM: 29184M
Jan 28 13:56:20 shrinivaasanka-Inspiron-1545 kernel: [    0.000000]  gran_size: 256K 	chunk_size: 16M 	num_reg: 7  	lose cover RAM: 29184M
Jan 28 13:56:20 shrinivaasanka-Inspiron-1545 kernel: [    0.000000]  gran_size: 256K 	chunk_size: 32M 	num_reg: 7  	lose cover RAM: 29184M
Jan 28 13:56:20 shrinivaasanka-Inspiron-1545 kernel: [    0.000000]  gran_size: 256K 	chunk_size: 64M 	num_reg: 7  	lose cover RAM: 16G
Jan 28 13:56:20 shrinivaasanka-Inspiron-1545 kernel: [    0.000000]  gran_size: 256K 	chunk_size: 128M 	num_reg: 7  	lose cover RAM: 16G
Jan 28 13:56:20 shrinivaasanka-Inspiron-1545 kernel: [    0.000000]  gran_size: 256K 	chunk_size: 256M 	num_reg: 7  	lose cover RAM: 16G
Jan 28 13:56:20 shrinivaasanka-Inspiron-1545 kernel: [    0.000000]  gran_size: 256K 	chunk_size: 512M 	num_reg: 7  	lose cover RAM: 16G
Jan 28 13:56:20 shrinivaasanka-Inspiron-1545 kernel: [    0.000000]  gran_size: 256K 	chunk_size: 1G 	num_reg: 7  	lose cover RAM: 16G
Jan 28 13:56:20 shrinivaasanka-Inspiron-1545 kernel: [    0.000000]  gran_size: 256K 	chunk_size: 2G 	num_reg: 7  	lose cover RAM: 29188M
Jan 28 13:56:20 shrinivaasanka-Inspiron-1545 kernel: [    0.000000]  gran_size: 512K 	chunk_size: 512K 	num_reg: 7  	lose cover RAM: 29188M
Jan 28 13:56:20 shrinivaasanka-Inspiron-1545 kernel: [    0.000000]  gran_size: 512K 	chunk_size: 1M 	num_reg: 7  	lose cover RAM: 29188M
Jan 28 13:56:20 shrinivaasanka-Inspiron-1545 kernel: [    0.000000]  gran_size: 512K 	chunk_size: 2M 	num_reg: 7  	lose cover RAM: 29188M
Jan 28 13:56:20 shrinivaasanka-Inspiron-1545 kernel: [    0.000000]  gran_size: 512K 	chunk_size: 4M 	num_reg: 7  	lose cover RAM: 29188M
Jan 28 13:56:20 shrinivaasanka-Inspiron-1545 kernel: [    0.000000]  gran_size: 512K 	chunk_size: 8M 	num_reg: 7  	lose cover RAM: 29184M
Jan 28 13:56:20 shrinivaasanka-Inspiron-1545 kernel: [    0.000000]  gran_size: 512K 	chunk_size: 16M 	num_reg: 7  	lose cover RAM: 29184M
Jan 28 13:56:20 shrinivaasanka-Inspiron-1545 kernel: [    0.000000]  gran_size: 512K 	chunk_size: 32M 	num_reg: 7  	lose cover RAM: 29184M
Jan 28 13:56:20 shrinivaasanka-Inspiron-1545 kernel: [    0.000000]  gran_size: 512K 	chunk_size: 64M 	num_reg: 7  	lose cover RAM: 16G
Jan 28 13:56:20 shrinivaasanka-Inspiron-1545 kernel: [    0.000000]  gran_size: 512K 	chunk_size: 128M 	num_reg: 7  	lose cover RAM: 16G
Jan 28 13:56:20 shrinivaasanka-Inspiron-1545 kernel: [    0.000000]  gran_size: 512K 	chunk_size: 256M 	num_reg: 7  	lose cover RAM: 16G
Jan 28 13:56:20 shrinivaasanka-Inspiron-1545 kernel: [    0.000000]  gran_size: 512K 	chunk_size: 512M 	num_reg: 7  	lose cover RAM: 16G
Jan 28 13:56:20 shrinivaasanka-Inspiron-1545 kernel: [    0.000000]  gran_size: 512K 	chunk_size: 1G 	num_reg: 7  	lose cover RAM: 16G
Jan 28 13:56:20 shrinivaasanka-Inspiron-1545 kernel: [    0.000000]  gran_size: 512K 	chunk_size: 2G 	num_reg: 7  	lose cover RAM: 29188M
Jan 28 13:56:20 shrinivaasanka-Inspiron-1545 kernel: [    0.000000]  gran_size: 1M 	chunk_size: 1M 	num_reg: 7  	lose cover RAM: 29188M
Jan 28 13:56:20 shrinivaasanka-Inspiron-1545 kernel: [    0.000000]  gran_size: 1M 	chunk_size: 2M 	num_reg: 7  	lose cover RAM: 29188M
Jan 28 13:56:20 shrinivaasanka-Inspiron-1545 kernel: [    0.000000]  gran_size: 1M 	chunk_size: 4M 	num_reg: 7  	lose cover RAM: 29188M
Jan 28 13:56:20 shrinivaasanka-Inspiron-1545 kernel: [    0.000000]  gran_size: 1M 	chunk_size: 8M 	num_reg: 7  	lose cover RAM: 29184M
Jan 28 13:56:20 shrinivaasanka-Inspiron-1545 kernel: [    0.000000]  gran_size: 1M 	chunk_size: 16M 	num_reg: 7  	lose cover RAM: 29184M
Jan 28 13:56:20 shrinivaasanka-Inspiron-1545 kernel: [    0.000000]  gran_size: 1M 	chunk_size: 32M 	num_reg: 7  	lose cover RAM: 29184M
Jan 28 13:56:20 shrinivaasanka-Inspiron-1545 kernel: [    0.000000]  gran_size: 1M 	chunk_size: 64M 	num_reg: 7  	lose cover RAM: 16G
Jan 28 13:56:20 shrinivaasanka-Inspiron-1545 kernel: [    0.000000]  gran_size: 1M 	chunk_size: 128M 	num_reg: 7  	lose cover RAM: 16G
Jan 28 13:56:20 shrinivaasanka-Inspiron-1545 kernel: [    0.000000]  gran_size: 1M 	chunk_size: 256M 	num_reg: 7  	lose cover RAM: 16G
Jan 28 13:56:20 shrinivaasanka-Inspiron-1545 kernel: [    0.000000]  gran_size: 1M 	chunk_size: 512M 	num_reg: 7  	lose cover RAM: 16G
Jan 28 13:56:20 shrinivaasanka-Inspiron-1545 kernel: [    0.000000]  gran_size: 1M 	chunk_size: 1G 	num_reg: 7  	lose cover RAM: 16G
Jan 28 13:56:20 shrinivaasanka-Inspiron-1545 kernel: [    0.000000]  gran_size: 1M 	chunk_size: 2G 	num_reg: 7  	lose cover RAM: 29188M
Jan 28 13:56:20 shrinivaasanka-Inspiron-1545 kernel: [    0.000000]  gran_size: 2M 	chunk_size: 2M 	num_reg: 7  	lose cover RAM: 29188M
Jan 28 13:56:20 shrinivaasanka-Inspiron-1545 kernel: [    0.000000]  gran_size: 2M 	chunk_size: 4M 	num_reg: 7  	lose cover RAM: 29188M
Jan 28 13:56:20 shrinivaasanka-Inspiron-1545 kernel: [    0.000000]  gran_size: 2M 	chunk_size: 8M 	num_reg: 7  	lose cover RAM: 29184M
Jan 28 13:56:20 shrinivaasanka-Inspiron-1545 kernel: [    0.000000]  gran_size: 2M 	chunk_size: 16M 	num_reg: 7  	lose cover RAM: 29184M
Jan 28 13:56:20 shrinivaasanka-Inspiron-1545 kernel: [    0.000000]  gran_size: 2M 	chunk_size: 32M 	num_reg: 7  	lose cover RAM: 29184M
Jan 28 13:56:20 shrinivaasanka-Inspiron-1545 kernel: [    0.000000]  gran_size: 2M 	chunk_size: 64M 	num_reg: 7  	lose cover RAM: 16G
Jan 28 13:56:20 shrinivaasanka-Inspiron-1545 kernel: [    0.000000]  gran_size: 2M 	chunk_size: 128M 	num_reg: 7  	lose cover RAM: 16G
Jan 28 13:56:20 shrinivaasanka-Inspiron-1545 kernel: [    0.000000]  gran_size: 2M 	chunk_size: 256M 	num_reg: 7  	lose cover RAM: 16G
Jan 28 13:56:20 shrinivaasanka-Inspiron-1545 kernel: [    0.000000]  gran_size: 2M 	chunk_size: 512M 	num_reg: 7  	lose cover RAM: 16G
Jan 28 13:56:20 shrinivaasanka-Inspiron-1545 kernel: [    0.000000]  gran_size: 2M 	chunk_size: 1G 	num_reg: 7  	lose cover RAM: 16G
Jan 28 13:56:20 shrinivaasanka-Inspiron-1545 kernel: [    0.000000]  gran_size: 2M 	chunk_size: 2G 	num_reg: 7  	lose cover RAM: 29188M
Jan 28 13:56:20 shrinivaasanka-Inspiron-1545 kernel: [    0.000000]  gran_size: 4M 	chunk_size: 4M 	num_reg: 7  	lose cover RAM: 29188M
Jan 28 13:56:20 shrinivaasanka-Inspiron-1545 kernel: [    0.000000]  gran_size: 4M 	chunk_size: 8M 	num_reg: 7  	lose cover RAM: 29184M
Jan 28 13:56:20 shrinivaasanka-Inspiron-1545 kernel: [    0.000000]  gran_size: 4M 	chunk_size: 16M 	num_reg: 7  	lose cover RAM: 29184M
Jan 28 13:56:20 shrinivaasanka-Inspiron-1545 kernel: [    0.000000]  gran_size: 4M 	chunk_size: 32M 	num_reg: 7  	lose cover RAM: 29184M
Jan 28 13:56:20 shrinivaasanka-Inspiron-1545 kernel: [    0.000000]  gran_size: 4M 	chunk_size: 64M 	num_reg: 7  	lose cover RAM: 16G
Jan 28 13:56:20 shrinivaasanka-Inspiron-1545 kernel: [    0.000000]  gran_size: 4M 	chunk_size: 128M 	num_reg: 7  	lose cover RAM: 16G
Jan 28 13:56:20 shrinivaasanka-Inspiron-1545 kernel: [    0.000000]  gran_size: 4M 	chunk_size: 256M 	num_reg: 7  	lose cover RAM: 16G
Jan 28 13:56:20 shrinivaasanka-Inspiron-1545 kernel: [    0.000000]  gran_size: 4M 	chunk_size: 512M 	num_reg: 7  	lose cover RAM: 16G
Jan 28 13:56:20 shrinivaasanka-Inspiron-1545 kernel: [    0.000000]  gran_size: 4M 	chunk_size: 1G 	num_reg: 7  	lose cover RAM: 16G
Jan 28 13:56:20 shrinivaasanka-Inspiron-1545 kernel: [    0.000000]  gran_size: 4M 	chunk_size: 2G 	num_reg: 7  	lose cover RAM: 29188M
Jan 28 13:56:20 shrinivaasanka-Inspiron-1545 kernel: [    0.000000]  gran_size: 8M 	chunk_size: 8M 	num_reg: 7  	lose cover RAM: 29188M
Jan 28 13:56:20 shrinivaasanka-Inspiron-1545 kernel: [    0.000000]  gran_size: 8M 	chunk_size: 16M 	num_reg: 7  	lose cover RAM: 29188M
Jan 28 13:56:20 shrinivaasanka-Inspiron-1545 kernel: [    0.000000]  gran_size: 8M 	chunk_size: 32M 	num_reg: 7  	lose cover RAM: 29188M
Jan 28 13:56:20 shrinivaasanka-Inspiron-1545 kernel: [    0.000000]  gran_size: 8M 	chunk_size: 64M 	num_reg: 7  	lose cover RAM: 16388M
Jan 28 13:56:20 shrinivaasanka-Inspiron-1545 kernel: [    0.000000]  gran_size: 8M 	chunk_size: 128M 	num_reg: 7  	lose cover RAM: 16388M
Jan 28 13:56:20 shrinivaasanka-Inspiron-1545 kernel: [    0.000000]  gran_size: 8M 	chunk_size: 256M 	num_reg: 7  	lose cover RAM: 16388M
Jan 28 13:56:20 shrinivaasanka-Inspiron-1545 kernel: [    0.000000]  gran_size: 8M 	chunk_size: 512M 	num_reg: 7  	lose cover RAM: 16388M
Jan 28 13:56:20 shrinivaasanka-Inspiron-1545 kernel: [    0.000000]  gran_size: 8M 	chunk_size: 1G 	num_reg: 7  	lose cover RAM: 16388M
Jan 28 13:56:20 shrinivaasanka-Inspiron-1545 kernel: [    0.000000]  gran_size: 8M 	chunk_size: 2G 	num_reg: 7  	lose cover RAM: 29188M
Jan 28 13:56:20 shrinivaasanka-Inspiron-1545 kernel: [    0.000000]  gran_size: 16M 	chunk_size: 16M 	num_reg: 7  	lose cover RAM: 28684M
Jan 28 13:56:20 shrinivaasanka-Inspiron-1545 kernel: [    0.000000]  gran_size: 16M 	chunk_size: 32M 	num_reg: 7  	lose cover RAM: 29196M
Jan 28 13:56:20 shrinivaasanka-Inspiron-1545 kernel: [    0.000000]  gran_size: 16M 	chunk_size: 64M 	num_reg: 7  	lose cover RAM: 16396M
Jan 28 13:56:20 shrinivaasanka-Inspiron-1545 kernel: [    0.000000]  gran_size: 16M 	chunk_size: 128M 	num_reg: 7  	lose cover RAM: 16396M
Jan 28 13:56:20 shrinivaasanka-Inspiron-1545 kernel: [    0.000000]  gran_size: 16M 	chunk_size: 256M 	num_reg: 7  	lose cover RAM: 16396M
Jan 28 13:56:20 shrinivaasanka-Inspiron-1545 kernel: [    0.000000]  gran_size: 16M 	chunk_size: 512M 	num_reg: 7  	lose cover RAM: 16396M
Jan 28 13:56:20 shrinivaasanka-Inspiron-1545 kernel: [    0.000000]  gran_size: 16M 	chunk_size: 1G 	num_reg: 7  	lose cover RAM: 16396M
Jan 28 13:56:20 shrinivaasanka-Inspiron-1545 kernel: [    0.000000]  gran_size: 16M 	chunk_size: 2G 	num_reg: 7  	lose cover RAM: 28172M
Jan 28 13:56:20 shrinivaasanka-Inspiron-1545 kernel: [    0.000000]  gran_size: 32M 	chunk_size: 32M 	num_reg: 7  	lose cover RAM: 24604M
Jan 28 13:56:20 shrinivaasanka-Inspiron-1545 kernel: [    0.000000]  gran_size: 32M 	chunk_size: 64M 	num_reg: 7  	lose cover RAM: 24604M
Jan 28 13:56:20 shrinivaasanka-Inspiron-1545 kernel: [    0.000000]  gran_size: 32M 	chunk_size: 128M 	num_reg: 7  	lose cover RAM: 28M
Jan 28 13:56:20 shrinivaasanka-Inspiron-1545 kernel: [    0.000000]  gran_size: 32M 	chunk_size: 256M 	num_reg: 7  	lose cover RAM: 28M
Jan 28 13:56:20 shrinivaasanka-Inspiron-1545 kernel: [    0.000000]  gran_size: 32M 	chunk_size: 512M 	num_reg: 7  	lose cover RAM: 28M
Jan 28 13:56:20 shrinivaasanka-Inspiron-1545 kernel: [    0.000000]  gran_size: 32M 	chunk_size: 1G 	num_reg: 7  	lose cover RAM: 28M
Jan 28 13:56:20 shrinivaasanka-Inspiron-1545 kernel: [    0.000000]  gran_size: 32M 	chunk_size: 2G 	num_reg: 7  	lose cover RAM: 27164M
Jan 28 13:56:20 shrinivaasanka-Inspiron-1545 kernel: [    0.000000]  gran_size: 64M 	chunk_size: 64M 	num_reg: 7  	lose cover RAM: 24604M
Jan 28 13:56:20 shrinivaasanka-Inspiron-1545 kernel: [    0.000000]  gran_size: 64M 	chunk_size: 128M 	num_reg: 7  	lose cover RAM: 28M
Jan 28 13:56:20 shrinivaasanka-Inspiron-1545 kernel: [    0.000000]  gran_size: 64M 	chunk_size: 256M 	num_reg: 7  	lose cover RAM: 28M
Jan 28 13:56:20 shrinivaasanka-Inspiron-1545 kernel: [    0.000000]  gran_size: 64M 	chunk_size: 512M 	num_reg: 7  	lose cover RAM: 28M
Jan 28 13:56:20 shrinivaasanka-Inspiron-1545 kernel: [    0.000000]  gran_size: 64M 	chunk_size: 1G 	num_reg: 7  	lose cover RAM: 28M
Jan 28 13:56:20 shrinivaasanka-Inspiron-1545 kernel: [    0.000000]  gran_size: 64M 	chunk_size: 2G 	num_reg: 7  	lose cover RAM: 27164M
Jan 28 13:56:20 shrinivaasanka-Inspiron-1545 kernel: [    0.000000]  gran_size: 128M 	chunk_size: 128M 	num_reg: 7  	lose cover RAM: 16476M
Jan 28 13:56:20 shrinivaasanka-Inspiron-1545 kernel: [    0.000000]  gran_size: 128M 	chunk_size: 256M 	num_reg: 7  	lose cover RAM: 92M
Jan 28 13:56:20 shrinivaasanka-Inspiron-1545 kernel: [    0.000000]  gran_size: 128M 	chunk_size: 512M 	num_reg: 7  	lose cover RAM: 92M
Jan 28 13:56:20 shrinivaasanka-Inspiron-1545 kernel: [    0.000000]  gran_size: 128M 	chunk_size: 1G 	num_reg: 7  	lose cover RAM: 92M
Jan 28 13:56:20 shrinivaasanka-Inspiron-1545 kernel: [    0.000000]  gran_size: 128M 	chunk_size: 2G 	num_reg: 7  	lose cover RAM: 27740M
Jan 28 13:56:20 shrinivaasanka-Inspiron-1545 kernel: [    0.000000]  gran_size: 256M 	chunk_size: 256M 	num_reg: 7  	lose cover RAM: 220M
Jan 28 13:56:20 shrinivaasanka-Inspiron-1545 kernel: [    0.000000]  gran_size: 256M 	chunk_size: 512M 	num_reg: 7  	lose cover RAM: 220M
Jan 28 13:56:20 shrinivaasanka-Inspiron-1545 kernel: [    0.000000]  gran_size: 256M 	chunk_size: 1G 	num_reg: 7  	lose cover RAM: 220M
Jan 28 13:56:20 shrinivaasanka-Inspiron-1545 kernel: [    0.000000]  gran_size: 256M 	chunk_size: 2G 	num_reg: 7  	lose cover RAM: 26844M
Jan 28 13:56:20 shrinivaasanka-Inspiron-1545 kernel: [    0.000000]  gran_size: 512M 	chunk_size: 512M 	num_reg: 6  	lose cover RAM: 476M
Jan 28 13:56:20 shrinivaasanka-Inspiron-1545 kernel: [    0.000000]  gran_size: 512M 	chunk_size: 1G 	num_reg: 7  	lose cover RAM: 476M
Jan 28 13:56:20 shrinivaasanka-Inspiron-1545 kernel: [    0.000000]  gran_size: 512M 	chunk_size: 2G 	num_reg: 7  	lose cover RAM: 25052M
Jan 28 13:56:20 shrinivaasanka-Inspiron-1545 kernel: [    0.000000]  gran_size: 1G 	chunk_size: 1G 	num_reg: 4  	lose cover RAM: 1500M
Jan 28 13:56:20 shrinivaasanka-Inspiron-1545 kernel: [    0.000000]  gran_size: 1G 	chunk_size: 2G 	num_reg: 4  	lose cover RAM: 1500M
Jan 28 13:56:20 shrinivaasanka-Inspiron-1545 kernel: [    0.000000]  gran_size: 2G 	chunk_size: 2G 	num_reg: 4  	lose cover RAM: 1500M
Jan 28 13:56:20 shrinivaasanka-Inspiron-1545 kernel: [    0.000000] mtrr_cleanup: can not find optimal value
Jan 28 13:56:20 shrinivaasanka-Inspiron-1545 kernel: [    0.000000] please specify mtrr_gran_size/mtrr_chunk_size
Jan 28 13:56:20 shrinivaasanka-Inspiron-1545 kernel: [    0.000000] e820: update [mem 0xbdc00000-0xbfffffff] usable ==> reserved
Jan 28 13:56:20 shrinivaasanka-Inspiron-1545 kernel: [    0.000000] e820: update [mem 0xe0000000-0xffffffff] usable ==> reserved
Jan 28 13:56:20 shrinivaasanka-Inspiron-1545 kernel: [    0.000000] Scanning 1 areas for low memory corruption
Jan 28 13:56:20 shrinivaasanka-Inspiron-1545 kernel: [    0.000000] initial memory mapped: [mem 0x00000000-0x021fffff]
Jan 28 13:56:20 shrinivaasanka-Inspiron-1545 kernel: [    0.000000] Base memory trampoline at [c009b000] 9b000 size 16384
Jan 28 13:56:20 shrinivaasanka-Inspiron-1545 kernel: [    0.000000] init_memory_mapping: [mem 0x00000000-0x000fffff]
Jan 28 13:56:20 shrinivaasanka-Inspiron-1545 kernel: [    0.000000]  [mem 0x00000000-0x000fffff] page 4k
Jan 28 13:56:20 shrinivaasanka-Inspiron-1545 kernel: [    0.000000] init_memory_mapping: [mem 0x37800000-0x379fffff]
Jan 28 13:56:20 shrinivaasanka-Inspiron-1545 kernel: [    0.000000]  [mem 0x37800000-0x379fffff] page 2M
Jan 28 13:56:20 shrinivaasanka-Inspiron-1545 kernel: [    0.000000] init_memory_mapping: [mem 0x20000000-0x377fffff]
Jan 28 13:56:20 shrinivaasanka-Inspiron-1545 kernel: [    0.000000]  [mem 0x20000000-0x377fffff] page 2M
Jan 28 13:56:20 shrinivaasanka-Inspiron-1545 kernel: [    0.000000] init_memory_mapping: [mem 0x00100000-0x1fffffff]
Jan 28 13:56:20 shrinivaasanka-Inspiron-1545 kernel: [    0.000000]  [mem 0x00100000-0x001fffff] page 4k
Jan 28 13:56:20 shrinivaasanka-Inspiron-1545 kernel: [    0.000000]  [mem 0x00200000-0x1fffffff] page 2M
Jan 28 13:56:20 shrinivaasanka-Inspiron-1545 kernel: [    0.000000] init_memory_mapping: [mem 0x37a00000-0x37bfdfff]
Jan 28 13:56:20 shrinivaasanka-Inspiron-1545 kernel: [    0.000000]  [mem 0x37a00000-0x37bfdfff] page 4k
Jan 28 13:56:20 shrinivaasanka-Inspiron-1545 kernel: [    0.000000] BRK [0x01cb7000, 0x01cb7fff] PGTABLE
Jan 28 13:56:20 shrinivaasanka-Inspiron-1545 kernel: [    0.000000] BRK [0x01cb8000, 0x01cb8fff] PGTABLE
Jan 28 13:56:20 shrinivaasanka-Inspiron-1545 kernel: [    0.000000] RAMDISK: [mem 0x2480a000-0x2e3fcfff]
Jan 28 13:56:20 shrinivaasanka-Inspiron-1545 kernel: [    0.000000] ACPI: Early table checksum verification disabled
Jan 28 13:56:20 shrinivaasanka-Inspiron-1545 kernel: [    0.000000] ACPI: RSDP 0x00000000000FBDD0 000024 (v02 DELL  )
Jan 28 13:56:20 shrinivaasanka-Inspiron-1545 kernel: [    0.000000] ACPI: XSDT 0x00000000BDAC3E00 000054 (v01 DELL   WN09     27D90C07 ASL  00000061)
Jan 28 13:56:20 shrinivaasanka-Inspiron-1545 kernel: [    0.000000] ACPI: FACP 0x00000000BDAC3C9C 0000F4 (v04 DELL   WN09     27D90C07 ASL  00000061)
Jan 28 13:56:20 shrinivaasanka-Inspiron-1545 kernel: [    0.000000] ACPI BIOS Warning (bug): 32/64X length mismatch in FADT/Gpe0Block: 128/64 (20150410/tbfadt-623)
Jan 28 13:56:20 shrinivaasanka-Inspiron-1545 kernel: [    0.000000] ACPI: DSDT 0x00000000BDAC4400 005451 (v02 INT430 SYSFexxx 00001001 INTL 20050624)
Jan 28 13:56:20 shrinivaasanka-Inspiron-1545 kernel: [    0.000000] ACPI: FACS 0x00000000BDAD2C00 000040
Jan 28 13:56:20 shrinivaasanka-Inspiron-1545 kernel: [    0.000000] ACPI: FACS 0x00000000BDAD2C00 000040
Jan 28 13:56:20 shrinivaasanka-Inspiron-1545 kernel: [    0.000000] ACPI: HPET 0x00000000BDAC3F00 000038 (v01 DELL   WN09     00000001 ASL  00000061)
Jan 28 13:56:20 shrinivaasanka-Inspiron-1545 kernel: [    0.000000] ACPI: APIC 0x00000000BDAC4000 000068 (v01 DELL   WN09     27D90C07 ASL  00000047)
Jan 28 13:56:20 shrinivaasanka-Inspiron-1545 kernel: [    0.000000] ACPI: MCFG 0x00000000BDAC3FC0 00003E (v16 DELL   WN09     27D90C07 ASL  00000061)
Jan 28 13:56:20 shrinivaasanka-Inspiron-1545 kernel: [    0.000000] ACPI: SLIC 0x00000000BDAC409C 000176 (v01 DELL   WN09     27D90C07 ASL  00000061)
Jan 28 13:56:20 shrinivaasanka-Inspiron-1545 kernel: [    0.000000] ACPI: SSDT 0x00000000BDAC2363 00066C (v01 PmRef  CpuPm    00003000 INTL 20050624)
Jan 28 13:56:20 shrinivaasanka-Inspiron-1545 kernel: [    0.000000] ACPI: Local APIC address 0xfee00000
Jan 28 13:56:20 shrinivaasanka-Inspiron-1545 kernel: [    0.000000] 2140MB HIGHMEM available.
Jan 28 13:56:20 shrinivaasanka-Inspiron-1545 kernel: [    0.000000] 891MB LOWMEM available.
Jan 28 13:56:20 shrinivaasanka-Inspiron-1545 kernel: [    0.000000]   mapped low ram: 0 - 37bfe000
Jan 28 13:56:20 shrinivaasanka-Inspiron-1545 kernel: [    0.000000]   low ram: 0 - 37bfe000
Jan 28 13:56:20 shrinivaasanka-Inspiron-1545 kernel: [    0.000000] Reserving 128MB of memory at 384MB for crashkernel (System RAM: 3032MB)
Jan 28 13:56:20 shrinivaasanka-Inspiron-1545 kernel: [    0.000000] Zone ranges:
Jan 28 13:56:20 shrinivaasanka-Inspiron-1545 kernel: [    0.000000]   DMA      [mem 0x0000000000001000-0x0000000000ffffff]
Jan 28 13:56:20 shrinivaasanka-Inspiron-1545 kernel: [    0.000000]   Normal   [mem 0x0000000001000000-0x0000000037bfdfff]
Jan 28 13:56:20 shrinivaasanka-Inspiron-1545 kernel: [    0.000000]   HighMem  [mem 0x0000000037bfe000-0x00000000bd8befff]
Jan 28 13:56:20 shrinivaasanka-Inspiron-1545 kernel: [    0.000000] Movable zone start for each node
Jan 28 13:56:20 shrinivaasanka-Inspiron-1545 kernel: [    0.000000] Early memory node ranges
Jan 28 13:56:20 shrinivaasanka-Inspiron-1545 kernel: [    0.000000]   node   0: [mem 0x0000000000001000-0x000000000009efff]
Jan 28 13:56:20 shrinivaasanka-Inspiron-1545 kernel: [    0.000000]   node   0: [mem 0x0000000000100000-0x00000000bd8befff]
Jan 28 13:56:20 shrinivaasanka-Inspiron-1545 kernel: [    0.000000] Initmem setup node 0 [mem 0x0000000000001000-0x00000000bd8befff]
Jan 28 13:56:20 shrinivaasanka-Inspiron-1545 kernel: [    0.000000] On node 0 totalpages: 776285
Jan 28 13:56:20 shrinivaasanka-Inspiron-1545 kernel: [    0.000000]   DMA zone: 40 pages used for memmap
Jan 28 13:56:20 shrinivaasanka-Inspiron-1545 kernel: [    0.000000]   DMA zone: 0 pages reserved
Jan 28 13:56:20 shrinivaasanka-Inspiron-1545 kernel: [    0.000000]   DMA zone: 3998 pages, LIFO batch:0
Jan 28 13:56:20 shrinivaasanka-Inspiron-1545 kernel: [    0.000000]   Normal zone: 2190 pages used for memmap
Jan 28 13:56:20 shrinivaasanka-Inspiron-1545 kernel: [    0.000000]   Normal zone: 224254 pages, LIFO batch:31
Jan 28 13:56:20 shrinivaasanka-Inspiron-1545 kernel: [    0.000000]   HighMem zone: 548033 pages, LIFO batch:31
Jan 28 13:56:20 shrinivaasanka-Inspiron-1545 kernel: [    0.000000] Using APIC driver default
Jan 28 13:56:20 shrinivaasanka-Inspiron-1545 kernel: [    0.000000] Reserving Intel graphics stolen memory at 0xbe000000-0xbfffffff
Jan 28 13:56:20 shrinivaasanka-Inspiron-1545 kernel: [    0.000000] ACPI: PM-Timer IO Port: 0x1008
Jan 28 13:56:20 shrinivaasanka-Inspiron-1545 kernel: [    0.000000] ACPI: Local APIC address 0xfee00000
Jan 28 13:56:20 shrinivaasanka-Inspiron-1545 kernel: [    0.000000] ACPI: LAPIC_NMI (acpi_id[0x00] high edge lint[0x1])
Jan 28 13:56:20 shrinivaasanka-Inspiron-1545 kernel: [    0.000000] ACPI: LAPIC_NMI (acpi_id[0x01] high edge lint[0x1])
Jan 28 13:56:20 shrinivaasanka-Inspiron-1545 kernel: [    0.000000] IOAPIC[0]: apic_id 2, version 32, address 0xfec00000, GSI 0-23
Jan 28 13:56:20 shrinivaasanka-Inspiron-1545 kernel: [    0.000000] ACPI: INT_SRC_OVR (bus 0 bus_irq 0 global_irq 2 dfl dfl)
Jan 28 13:56:20 shrinivaasanka-Inspiron-1545 kernel: [    0.000000] ACPI: INT_SRC_OVR (bus 0 bus_irq 9 global_irq 9 high level)
Jan 28 13:56:20 shrinivaasanka-Inspiron-1545 kernel: [    0.000000] ACPI: IRQ0 used by override.
Jan 28 13:56:20 shrinivaasanka-Inspiron-1545 kernel: [    0.000000] ACPI: IRQ9 used by override.
Jan 28 13:56:20 shrinivaasanka-Inspiron-1545 kernel: [    0.000000] Using ACPI (MADT) for SMP configuration information
Jan 28 13:56:20 shrinivaasanka-Inspiron-1545 kernel: [    0.000000] ACPI: HPET id: 0x8086a201 base: 0xfed00000
Jan 28 13:56:20 shrinivaasanka-Inspiron-1545 kernel: [    0.000000] smpboot: Allowing 2 CPUs, 0 hotplug CPUs
Jan 28 13:56:20 shrinivaasanka-Inspiron-1545 kernel: [    0.000000] PM: Registered nosave memory: [mem 0x00000000-0x00000fff]
Jan 28 13:56:20 shrinivaasanka-Inspiron-1545 kernel: [    0.000000] PM: Registered nosave memory: [mem 0x0009f000-0x0009ffff]
Jan 28 13:56:20 shrinivaasanka-Inspiron-1545 kernel: [    0.000000] PM: Registered nosave memory: [mem 0x000a0000-0x000fffff]
Jan 28 13:56:20 shrinivaasanka-Inspiron-1545 kernel: [    0.000000] e820: [mem 0xc0000000-0xf7ffffff] available for PCI devices
Jan 28 13:56:20 shrinivaasanka-Inspiron-1545 kernel: [    0.000000] Booting paravirtualized kernel on bare hardware
Jan 28 13:56:20 shrinivaasanka-Inspiron-1545 kernel: [    0.000000] clocksource refined-jiffies: mask: 0xffffffff max_cycles: 0xffffffff, max_idle_ns: 7645519600211568 ns
Jan 28 13:56:20 shrinivaasanka-Inspiron-1545 kernel: [    0.000000] setup_percpu: NR_CPUS:8 nr_cpumask_bits:8 nr_cpu_ids:2 nr_node_ids:1
Jan 28 13:56:20 shrinivaasanka-Inspiron-1545 kernel: [    0.000000] PERCPU: Embedded 20 pages/cpu @f5daf000 s49740 r0 d32180 u81920
Jan 28 13:56:20 shrinivaasanka-Inspiron-1545 kernel: [    0.000000] pcpu-alloc: s49740 r0 d32180 u81920 alloc=20*4096
Jan 28 13:56:20 shrinivaasanka-Inspiron-1545 kernel: [    0.000000] pcpu-alloc: [0] 0 [0] 1 
Jan 28 13:56:20 shrinivaasanka-Inspiron-1545 kernel: [    0.000000] Built 1 zonelists in Zone order, mobility grouping on.  Total pages: 774055
Jan 28 13:56:20 shrinivaasanka-Inspiron-1545 kernel: [    0.000000] Kernel command line: BOOT_IMAGE=/boot/vmlinuz-4.1.5 root=UUID=6944b01d-ff0d-43eb-8699-cca469511742 ro quiet splash crashkernel=384M-:128M vt.handoff=7 init=/sbin/upstart
Jan 28 13:56:20 shrinivaasanka-Inspiron-1545 kernel: [    0.000000] PID hash table entries: 4096 (order: 2, 16384 bytes)
Jan 28 13:56:20 shrinivaasanka-Inspiron-1545 kernel: [    0.000000] Dentry cache hash table entries: 131072 (order: 7, 524288 bytes)
Jan 28 13:56:20 shrinivaasanka-Inspiron-1545 kernel: [    0.000000] Inode-cache hash table entries: 65536 (order: 6, 262144 bytes)
Jan 28 13:56:20 shrinivaasanka-Inspiron-1545 kernel: [    0.000000] microcode: CPU0 microcode updated early to revision 0xa0b, date = 2010-09-28
Jan 28 13:56:20 shrinivaasanka-Inspiron-1545 kernel: [    0.000000] Initializing CPU#0
Jan 28 13:56:20 shrinivaasanka-Inspiron-1545 kernel: [    0.000000] xsave: enabled xstate_bv 0x3, cntxt size 0x240 using standard form
Jan 28 13:56:20 shrinivaasanka-Inspiron-1545 kernel: [    0.000000] Initializing HighMem for node 0 (00037bfe:000bd8bf)
Jan 28 13:56:20 shrinivaasanka-Inspiron-1545 kernel: [    0.000000] Initializing Movable for node 0 (00000000:00000000)
Jan 28 13:56:20 shrinivaasanka-Inspiron-1545 kernel: [    0.000000] Memory: 2769440K/3105140K available (7213K kernel code, 781K rwdata, 3116K rodata, 904K init, 888K bss, 335700K reserved, 0K cma-reserved, 2192132K highmem)
Jan 28 13:56:20 shrinivaasanka-Inspiron-1545 kernel: [    0.000000] virtual kernel memory layout:
Jan 28 13:56:20 shrinivaasanka-Inspiron-1545 kernel: [    0.000000]     fixmap  : 0xfff15000 - 0xfffff000   ( 936 kB)
Jan 28 13:56:20 shrinivaasanka-Inspiron-1545 kernel: [    0.000000]     pkmap   : 0xffc00000 - 0xffe00000   (2048 kB)
Jan 28 13:56:20 shrinivaasanka-Inspiron-1545 kernel: [    0.000000]     vmalloc : 0xf83fe000 - 0xffbfe000   ( 120 MB)
Jan 28 13:56:20 shrinivaasanka-Inspiron-1545 kernel: [    0.000000]     lowmem  : 0xc0000000 - 0xf7bfe000   ( 891 MB)
Jan 28 13:56:20 shrinivaasanka-Inspiron-1545 kernel: [    0.000000]       .init : 0xc1add000 - 0xc1bbf000   ( 904 kB)
Jan 28 13:56:20 shrinivaasanka-Inspiron-1545 kernel: [    0.000000]       .data : 0xc170ba4a - 0xc1adb580   (3902 kB)
Jan 28 13:56:20 shrinivaasanka-Inspiron-1545 kernel: [    0.000000]       .text : 0xc1000000 - 0xc170ba4a   (7214 kB)
Jan 28 13:56:20 shrinivaasanka-Inspiron-1545 kernel: [    0.000000] Checking if this processor honours the WP bit even in supervisor mode...Ok.
Jan 28 13:56:20 shrinivaasanka-Inspiron-1545 kernel: [    0.000000] SLUB: HWalign=64, Order=0-3, MinObjects=0, CPUs=2, Nodes=1
Jan 28 13:56:20 shrinivaasanka-Inspiron-1545 kernel: [    0.000000] Hierarchical RCU implementation.
Jan 28 13:56:20 shrinivaasanka-Inspiron-1545 kernel: [    0.000000] 	RCU dyntick-idle grace-period acceleration is enabled.
Jan 28 13:56:20 shrinivaasanka-Inspiron-1545 kernel: [    0.000000] 	RCU restricting CPUs from NR_CPUS=8 to nr_cpu_ids=2.
Jan 28 13:56:20 shrinivaasanka-Inspiron-1545 kernel: [    0.000000] RCU: Adjusting geometry for rcu_fanout_leaf=16, nr_cpu_ids=2
Jan 28 13:56:20 shrinivaasanka-Inspiron-1545 kernel: [    0.000000] NR_IRQS:2304 nr_irqs:440 16
Jan 28 13:56:20 shrinivaasanka-Inspiron-1545 kernel: [    0.000000] CPU 0 irqstacks, hard=f5836000 soft=f5838000
Jan 28 13:56:20 shrinivaasanka-Inspiron-1545 kernel: [    0.000000] Console: colour dummy device 80x25
Jan 28 13:56:20 shrinivaasanka-Inspiron-1545 kernel: [    0.000000] console [tty0] enabled
Jan 28 13:56:20 shrinivaasanka-Inspiron-1545 kernel: [    0.000000] clocksource hpet: mask: 0xffffffff max_cycles: 0xffffffff, max_idle_ns: 133484882848 ns
Jan 28 13:56:20 shrinivaasanka-Inspiron-1545 kernel: [    0.000000] hpet clockevent registered
Jan 28 13:56:20 shrinivaasanka-Inspiron-1545 kernel: [    0.000000] tsc: Fast TSC calibration using PIT
Jan 28 13:56:20 shrinivaasanka-Inspiron-1545 kernel: [    0.000000] tsc: Detected 1995.007 MHz processor
Jan 28 13:56:20 shrinivaasanka-Inspiron-1545 kernel: [    0.004016] Calibrating delay loop (skipped), value calculated using timer frequency.. 3990.01 BogoMIPS (lpj=7980028)
Jan 28 13:56:20 shrinivaasanka-Inspiron-1545 kernel: [    0.004022] pid_max: default: 32768 minimum: 301
Jan 28 13:56:20 shrinivaasanka-Inspiron-1545 kernel: [    0.004032] ACPI: Core revision 20150410
Jan 28 13:56:20 shrinivaasanka-Inspiron-1545 kernel: [    0.015732] ACPI: All ACPI Tables successfully acquired
Jan 28 13:56:20 shrinivaasanka-Inspiron-1545 kernel: [    0.015766] Security Framework initialized
Jan 28 13:56:20 shrinivaasanka-Inspiron-1545 kernel: [    0.015787] AppArmor: AppArmor initialized
Jan 28 13:56:20 shrinivaasanka-Inspiron-1545 kernel: [    0.015790] Yama: becoming mindful.
Jan 28 13:56:20 shrinivaasanka-Inspiron-1545 kernel: [    0.015865] Mount-cache hash table entries: 2048 (order: 1, 8192 bytes)
Jan 28 13:56:20 shrinivaasanka-Inspiron-1545 kernel: [    0.015870] Mountpoint-cache hash table entries: 2048 (order: 1, 8192 bytes)
Jan 28 13:56:20 shrinivaasanka-Inspiron-1545 kernel: [    0.016289] Initializing cgroup subsys blkio
Jan 28 13:56:20 shrinivaasanka-Inspiron-1545 kernel: [    0.016295] Initializing cgroup subsys memory
Jan 28 13:56:20 shrinivaasanka-Inspiron-1545 kernel: [    0.016309] Initializing cgroup subsys devices
Jan 28 13:56:20 shrinivaasanka-Inspiron-1545 kernel: [    0.016314] Initializing cgroup subsys freezer
Jan 28 13:56:20 shrinivaasanka-Inspiron-1545 kernel: [    0.016320] Initializing cgroup subsys net_cls
Jan 28 13:56:20 shrinivaasanka-Inspiron-1545 kernel: [    0.016325] Initializing cgroup subsys perf_event
Jan 28 13:56:20 shrinivaasanka-Inspiron-1545 kernel: [    0.016330] Initializing cgroup subsys net_prio
Jan 28 13:56:20 shrinivaasanka-Inspiron-1545 kernel: [    0.016335] Initializing cgroup subsys hugetlb
Jan 28 13:56:20 shrinivaasanka-Inspiron-1545 kernel: [    0.016373] CPU: Physical Processor ID: 0
Jan 28 13:56:20 shrinivaasanka-Inspiron-1545 kernel: [    0.016376] CPU: Processor Core ID: 0
Jan 28 13:56:20 shrinivaasanka-Inspiron-1545 kernel: [    0.016384] mce: CPU supports 6 MCE banks
Jan 28 13:56:20 shrinivaasanka-Inspiron-1545 kernel: [    0.016398] CPU0: Thermal monitoring enabled (TM2)
Jan 28 13:56:20 shrinivaasanka-Inspiron-1545 kernel: [    0.016402] process: using mwait in idle threads
Jan 28 13:56:20 shrinivaasanka-Inspiron-1545 kernel: [    0.016412] Last level iTLB entries: 4KB 128, 2MB 4, 4MB 4
Jan 28 13:56:20 shrinivaasanka-Inspiron-1545 kernel: [    0.016416] Last level dTLB entries: 4KB 256, 2MB 0, 4MB 32, 1GB 0
Jan 28 13:56:20 shrinivaasanka-Inspiron-1545 kernel: [    0.017251] Freeing SMP alternatives memory: 32K (c1bbf000 - c1bc7000)
Jan 28 13:56:20 shrinivaasanka-Inspiron-1545 kernel: [    0.020009] ftrace: allocating 29636 entries in 58 pages
Jan 28 13:56:20 shrinivaasanka-Inspiron-1545 kernel: [    0.036129] Enabling APIC mode:  Flat.  Using 1 I/O APICs
Jan 28 13:56:20 shrinivaasanka-Inspiron-1545 kernel: [    0.036613] ..TIMER: vector=0x30 apic1=0 pin1=2 apic2=-1 pin2=-1
Jan 28 13:56:20 shrinivaasanka-Inspiron-1545 kernel: [    0.080000] smpboot: CPU0: Intel(R) Core(TM)2 Duo CPU     T6400  @ 2.00GHz (fam: 06, model: 17, stepping: 0a)
Jan 28 13:56:20 shrinivaasanka-Inspiron-1545 kernel: [    0.080000] Performance Events: PEBS fmt0+, 4-deep LBR, Core2 events, Intel PMU driver.
Jan 28 13:56:20 shrinivaasanka-Inspiron-1545 kernel: [    0.080000] ... version:                2
Jan 28 13:56:20 shrinivaasanka-Inspiron-1545 kernel: [    0.080000] ... bit width:              40
Jan 28 13:56:20 shrinivaasanka-Inspiron-1545 kernel: [    0.080000] ... generic registers:      2
Jan 28 13:56:20 shrinivaasanka-Inspiron-1545 kernel: [    0.080000] ... value mask:             000000ffffffffff
Jan 28 13:56:20 shrinivaasanka-Inspiron-1545 kernel: [    0.080000] ... max period:             000000007fffffff
Jan 28 13:56:20 shrinivaasanka-Inspiron-1545 kernel: [    0.080000] ... fixed-purpose events:   3
Jan 28 13:56:20 shrinivaasanka-Inspiron-1545 kernel: [    0.080000] ... event mask:             0000000700000003
Jan 28 13:56:20 shrinivaasanka-Inspiron-1545 kernel: [    0.080000] CPU 1 irqstacks, hard=f5954000 soft=f5956000
Jan 28 13:56:20 shrinivaasanka-Inspiron-1545 kernel: [    0.080000] x86: Booting SMP configuration:
Jan 28 13:56:20 shrinivaasanka-Inspiron-1545 kernel: [    0.080000] .... node  #0, CPUs:      #1
Jan 28 13:56:20 shrinivaasanka-Inspiron-1545 kernel: [    0.008000] microcode: CPU1 microcode updated early to revision 0xa0b, date = 2010-09-28
Jan 28 13:56:20 shrinivaasanka-Inspiron-1545 kernel: [    0.008000] Initializing CPU#1
Jan 28 13:56:20 shrinivaasanka-Inspiron-1545 kernel: [    0.098474] x86: Booted up 1 node, 2 CPUs
Jan 28 13:56:20 shrinivaasanka-Inspiron-1545 kernel: [    0.098482] smpboot: Total of 2 processors activated (7980.02 BogoMIPS)
Jan 28 13:56:20 shrinivaasanka-Inspiron-1545 kernel: [    0.098562] NMI watchdog: enabled on all CPUs, permanently consumes one hw-PMU counter.
Jan 28 13:56:20 shrinivaasanka-Inspiron-1545 kernel: [    0.100153] devtmpfs: initialized
Jan 28 13:56:20 shrinivaasanka-Inspiron-1545 kernel: [    0.100852] evm: security.selinux
Jan 28 13:56:20 shrinivaasanka-Inspiron-1545 kernel: [    0.100856] evm: security.SMACK64
Jan 28 13:56:20 shrinivaasanka-Inspiron-1545 kernel: [    0.100859] evm: security.SMACK64EXEC
Jan 28 13:56:20 shrinivaasanka-Inspiron-1545 kernel: [    0.100861] evm: security.SMACK64TRANSMUTE
Jan 28 13:56:20 shrinivaasanka-Inspiron-1545 kernel: [    0.100863] evm: security.SMACK64MMAP
Jan 28 13:56:20 shrinivaasanka-Inspiron-1545 kernel: [    0.100866] evm: security.ima
Jan 28 13:56:20 shrinivaasanka-Inspiron-1545 kernel: [    0.100868] evm: security.capability
Jan 28 13:56:20 shrinivaasanka-Inspiron-1545 kernel: [    0.101135] PM: Registering ACPI NVS region [mem 0xbd8bf400-0xbdac13ff] (2105344 bytes)
Jan 28 13:56:20 shrinivaasanka-Inspiron-1545 kernel: [    0.101135] clocksource jiffies: mask: 0xffffffff max_cycles: 0xffffffff, max_idle_ns: 7645041785100000 ns
Jan 28 13:56:20 shrinivaasanka-Inspiron-1545 kernel: [    0.101135] pinctrl core: initialized pinctrl subsystem
Jan 28 13:56:20 shrinivaasanka-Inspiron-1545 kernel: [    0.101135] RTC time:  8:25:59, date: 01/28/16
Jan 28 13:56:20 shrinivaasanka-Inspiron-1545 kernel: [    0.101135] NET: Registered protocol family 16
Jan 28 13:56:20 shrinivaasanka-Inspiron-1545 kernel: [    0.101135] EISA bus registered
Jan 28 13:56:20 shrinivaasanka-Inspiron-1545 kernel: [    0.112011] cpuidle: using governor ladder
Jan 28 13:56:20 shrinivaasanka-Inspiron-1545 kernel: [    0.124005] cpuidle: using governor menu
Jan 28 13:56:20 shrinivaasanka-Inspiron-1545 kernel: [    0.124271] ACPI: bus type PCI registered
Jan 28 13:56:20 shrinivaasanka-Inspiron-1545 kernel: [    0.124276] acpiphp: ACPI Hot Plug PCI Controller Driver version: 0.5
Jan 28 13:56:20 shrinivaasanka-Inspiron-1545 kernel: [    0.124441] PCI: MMCONFIG for domain 0000 [bus 00-3f] at [mem 0xf8000000-0xfbffffff] (base 0xf8000000)
Jan 28 13:56:20 shrinivaasanka-Inspiron-1545 kernel: [    0.124446] PCI: MMCONFIG at [mem 0xf8000000-0xfbffffff] reserved in E820
Jan 28 13:56:20 shrinivaasanka-Inspiron-1545 kernel: [    0.124449] PCI: Using MMCONFIG for extended config space
Jan 28 13:56:20 shrinivaasanka-Inspiron-1545 kernel: [    0.124452] PCI: Using configuration type 1 for base access
Jan 28 13:56:20 shrinivaasanka-Inspiron-1545 kernel: [    0.124472] dmi type 0xB1 record - unknown flag
Jan 28 13:56:20 shrinivaasanka-Inspiron-1545 kernel: [    0.136226] ACPI: Added _OSI(Module Device)
Jan 28 13:56:20 shrinivaasanka-Inspiron-1545 kernel: [    0.136231] ACPI: Added _OSI(Processor Device)
Jan 28 13:56:20 shrinivaasanka-Inspiron-1545 kernel: [    0.136235] ACPI: Added _OSI(3.0 _SCP Extensions)
Jan 28 13:56:20 shrinivaasanka-Inspiron-1545 kernel: [    0.136238] ACPI: Added _OSI(Processor Aggregator Device)
Jan 28 13:56:20 shrinivaasanka-Inspiron-1545 kernel: [    0.152194] [Firmware Bug]: ACPI: BIOS _OSI(Linux) query ignored
Jan 28 13:56:20 shrinivaasanka-Inspiron-1545 kernel: [    0.156680] ACPI: Dynamic OEM Table Load:
Jan 28 13:56:20 shrinivaasanka-Inspiron-1545 kernel: [    0.156695] ACPI: SSDT 0x00000000F5812800 0005C6 (v01 PmRef  BspCst   00003001 INTL 20050624)
Jan 28 13:56:20 shrinivaasanka-Inspiron-1545 kernel: [    0.157951] ACPI: Dynamic OEM Table Load:
Jan 28 13:56:20 shrinivaasanka-Inspiron-1545 kernel: [    0.157961] ACPI: SSDT 0x00000000F5939240 00008D (v01 PmRef  ApCst    00003000 INTL 20050624)
Jan 28 13:56:20 shrinivaasanka-Inspiron-1545 kernel: [    0.158773] ACPI: Interpreter enabled
Jan 28 13:56:20 shrinivaasanka-Inspiron-1545 kernel: [    0.158795] ACPI Exception: AE_NOT_FOUND, While evaluating Sleep State [\_S1_] (20150410/hwxface-580)
Jan 28 13:56:20 shrinivaasanka-Inspiron-1545 kernel: [    0.158803] ACPI Exception: AE_NOT_FOUND, While evaluating Sleep State [\_S2_] (20150410/hwxface-580)
Jan 28 13:56:20 shrinivaasanka-Inspiron-1545 kernel: [    0.158830] ACPI: (supports S0 S3 S4 S5)
Jan 28 13:56:20 shrinivaasanka-Inspiron-1545 kernel: [    0.158833] ACPI: Using IOAPIC for interrupt routing
Jan 28 13:56:20 shrinivaasanka-Inspiron-1545 kernel: [    0.158888] PCI: Using host bridge windows from ACPI; if necessary, use "pci=nocrs" and report a bug
Jan 28 13:56:20 shrinivaasanka-Inspiron-1545 kernel: [    0.276668] ACPI: PCI Root Bridge [PCI0] (domain 0000 [bus 00-ff])
Jan 28 13:56:20 shrinivaasanka-Inspiron-1545 kernel: [    0.276681] acpi PNP0A03:00: _OSC: OS supports [ExtendedConfig ASPM ClockPM Segments MSI]
Jan 28 13:56:20 shrinivaasanka-Inspiron-1545 kernel: [    0.276691] acpi PNP0A03:00: _OSC failed (AE_NOT_FOUND); disabling ASPM
Jan 28 13:56:20 shrinivaasanka-Inspiron-1545 kernel: [    0.301068] acpi PNP0A03:00: [Firmware Info]: MMCONFIG for domain 0000 [bus 00-3f] only partially covers this bridge
Jan 28 13:56:20 shrinivaasanka-Inspiron-1545 kernel: [    0.301501] PCI host bridge to bus 0000:00
Jan 28 13:56:20 shrinivaasanka-Inspiron-1545 kernel: [    0.301508] pci_bus 0000:00: root bus resource [bus 00-ff]
Jan 28 13:56:20 shrinivaasanka-Inspiron-1545 kernel: [    0.301513] pci_bus 0000:00: root bus resource [io  0x0000-0x0cf7 window]
Jan 28 13:56:20 shrinivaasanka-Inspiron-1545 kernel: [    0.301518] pci_bus 0000:00: root bus resource [io  0x0d00-0xffff window]
Jan 28 13:56:20 shrinivaasanka-Inspiron-1545 kernel: [    0.301523] pci_bus 0000:00: root bus resource [mem 0x000a0000-0x000bffff window]
Jan 28 13:56:20 shrinivaasanka-Inspiron-1545 kernel: [    0.301527] pci_bus 0000:00: root bus resource [mem 0x000d0000-0x000dffff window]
Jan 28 13:56:20 shrinivaasanka-Inspiron-1545 kernel: [    0.301532] pci_bus 0000:00: root bus resource [mem 0xc0000000-0xf7ffffff window]
Jan 28 13:56:20 shrinivaasanka-Inspiron-1545 kernel: [    0.301536] pci_bus 0000:00: root bus resource [mem 0xfc000000-0xfebfffff window]
Jan 28 13:56:20 shrinivaasanka-Inspiron-1545 kernel: [    0.301541] pci_bus 0000:00: root bus resource [mem 0xfec10000-0xfecfffff window]
Jan 28 13:56:20 shrinivaasanka-Inspiron-1545 kernel: [    0.301545] pci_bus 0000:00: root bus resource [mem 0xfed1c000-0xfed1ffff window]
Jan 28 13:56:20 shrinivaasanka-Inspiron-1545 kernel: [    0.301549] pci_bus 0000:00: root bus resource [mem 0xfed90000-0xfed9ffff window]
Jan 28 13:56:20 shrinivaasanka-Inspiron-1545 kernel: [    0.301554] pci_bus 0000:00: root bus resource [mem 0xfeda7000-0xfedfffff window]
Jan 28 13:56:20 shrinivaasanka-Inspiron-1545 kernel: [    0.301558] pci_bus 0000:00: root bus resource [mem 0xfee10000-0xff9fffff window]
Jan 28 13:56:20 shrinivaasanka-Inspiron-1545 kernel: [    0.301563] pci_bus 0000:00: root bus resource [mem 0xffc00000-0xffdfffff window]
Jan 28 13:56:20 shrinivaasanka-Inspiron-1545 kernel: [    0.301579] pci 0000:00:00.0: [8086:2a40] type 00 class 0x060000
Jan 28 13:56:20 shrinivaasanka-Inspiron-1545 kernel: [    0.301622] DMAR: Forcing write-buffer flush capability
Jan 28 13:56:20 shrinivaasanka-Inspiron-1545 kernel: [    0.301625] DMAR: Disabling IOMMU for graphics on this chipset
Jan 28 13:56:20 shrinivaasanka-Inspiron-1545 kernel: [    0.301811] pci 0000:00:02.0: [8086:2a42] type 00 class 0x030000
Jan 28 13:56:20 shrinivaasanka-Inspiron-1545 kernel: [    0.301834] pci 0000:00:02.0: reg 0x10: [mem 0xf6c00000-0xf6ffffff 64bit]
Jan 28 13:56:20 shrinivaasanka-Inspiron-1545 kernel: [    0.301849] pci 0000:00:02.0: reg 0x18: [mem 0xe0000000-0xefffffff 64bit pref]
Jan 28 13:56:20 shrinivaasanka-Inspiron-1545 kernel: [    0.301860] pci 0000:00:02.0: reg 0x20: [io  0xefe8-0xefef]
Jan 28 13:56:20 shrinivaasanka-Inspiron-1545 kernel: [    0.302075] pci 0000:00:02.1: [8086:2a43] type 00 class 0x038000
Jan 28 13:56:20 shrinivaasanka-Inspiron-1545 kernel: [    0.302095] pci 0000:00:02.1: reg 0x10: [mem 0xf6b00000-0xf6bfffff 64bit]
Jan 28 13:56:20 shrinivaasanka-Inspiron-1545 kernel: [    0.302382] pci 0000:00:1a.0: [8086:2937] type 00 class 0x0c0300
Jan 28 13:56:20 shrinivaasanka-Inspiron-1545 kernel: [    0.302458] pci 0000:00:1a.0: reg 0x20: [io  0x6f60-0x6f7f]
Jan 28 13:56:20 shrinivaasanka-Inspiron-1545 kernel: [    0.307171] pci 0000:00:1a.0: System wakeup disabled by ACPI
Jan 28 13:56:20 shrinivaasanka-Inspiron-1545 kernel: [    0.307288] pci 0000:00:1a.1: [8086:2938] type 00 class 0x0c0300
Jan 28 13:56:20 shrinivaasanka-Inspiron-1545 kernel: [    0.307364] pci 0000:00:1a.1: reg 0x20: [io  0x6f80-0x6f9f]
Jan 28 13:56:20 shrinivaasanka-Inspiron-1545 kernel: [    0.312006] pci 0000:00:1a.1: System wakeup disabled by ACPI
Jan 28 13:56:20 shrinivaasanka-Inspiron-1545 kernel: [    0.312119] pci 0000:00:1a.2: [8086:2939] type 00 class 0x0c0300
Jan 28 13:56:20 shrinivaasanka-Inspiron-1545 kernel: [    0.312195] pci 0000:00:1a.2: reg 0x20: [io  0x6fa0-0x6fbf]
Jan 28 13:56:20 shrinivaasanka-Inspiron-1545 kernel: [    0.316716] pci 0000:00:1a.2: System wakeup disabled by ACPI
Jan 28 13:56:20 shrinivaasanka-Inspiron-1545 kernel: [    0.316837] pci 0000:00:1a.7: [8086:293c] type 00 class 0x0c0320
Jan 28 13:56:20 shrinivaasanka-Inspiron-1545 kernel: [    0.316869] pci 0000:00:1a.7: reg 0x10: [mem 0xfed1c400-0xfed1c7ff]
Jan 28 13:56:20 shrinivaasanka-Inspiron-1545 kernel: [    0.317002] pci 0000:00:1a.7: PME# supported from D0 D3hot D3cold
Jan 28 13:56:20 shrinivaasanka-Inspiron-1545 kernel: [    0.321815] pci 0000:00:1a.7: System wakeup disabled by ACPI
Jan 28 13:56:20 shrinivaasanka-Inspiron-1545 kernel: [    0.321936] pci 0000:00:1b.0: [8086:293e] type 00 class 0x040300
Jan 28 13:56:20 shrinivaasanka-Inspiron-1545 kernel: [    0.321971] pci 0000:00:1b.0: reg 0x10: [mem 0xf6afc000-0xf6afffff 64bit]
Jan 28 13:56:20 shrinivaasanka-Inspiron-1545 kernel: [    0.322106] pci 0000:00:1b.0: PME# supported from D0 D3hot D3cold
Jan 28 13:56:20 shrinivaasanka-Inspiron-1545 kernel: [    0.322216] pci 0000:00:1b.0: System wakeup disabled by ACPI
Jan 28 13:56:20 shrinivaasanka-Inspiron-1545 kernel: [    0.322329] pci 0000:00:1c.0: [8086:2940] type 01 class 0x060400
Jan 28 13:56:20 shrinivaasanka-Inspiron-1545 kernel: [    0.322463] pci 0000:00:1c.0: PME# supported from D0 D3hot D3cold
Jan 28 13:56:20 shrinivaasanka-Inspiron-1545 kernel: [    0.322572] pci 0000:00:1c.0: System wakeup disabled by ACPI
Jan 28 13:56:20 shrinivaasanka-Inspiron-1545 kernel: [    0.322685] pci 0000:00:1c.1: [8086:2942] type 01 class 0x060400
Jan 28 13:56:20 shrinivaasanka-Inspiron-1545 kernel: [    0.322818] pci 0000:00:1c.1: PME# supported from D0 D3hot D3cold
Jan 28 13:56:20 shrinivaasanka-Inspiron-1545 kernel: [    0.322927] pci 0000:00:1c.1: System wakeup disabled by ACPI
Jan 28 13:56:20 shrinivaasanka-Inspiron-1545 kernel: [    0.323044] pci 0000:00:1c.2: [8086:2944] type 01 class 0x060400
Jan 28 13:56:20 shrinivaasanka-Inspiron-1545 kernel: [    0.323177] pci 0000:00:1c.2: PME# supported from D0 D3hot D3cold
Jan 28 13:56:20 shrinivaasanka-Inspiron-1545 kernel: [    0.323287] pci 0000:00:1c.2: System wakeup disabled by ACPI
Jan 28 13:56:20 shrinivaasanka-Inspiron-1545 kernel: [    0.323399] pci 0000:00:1c.4: [8086:2948] type 01 class 0x060400
Jan 28 13:56:20 shrinivaasanka-Inspiron-1545 kernel: [    0.323531] pci 0000:00:1c.4: PME# supported from D0 D3hot D3cold
Jan 28 13:56:20 shrinivaasanka-Inspiron-1545 kernel: [    0.323641] pci 0000:00:1c.4: System wakeup disabled by ACPI
Jan 28 13:56:20 shrinivaasanka-Inspiron-1545 kernel: [    0.323756] pci 0000:00:1d.0: [8086:2934] type 00 class 0x0c0300
Jan 28 13:56:20 shrinivaasanka-Inspiron-1545 kernel: [    0.324024] pci 0000:00:1d.0: reg 0x20: [io  0x6f00-0x6f1f]
Jan 28 13:56:20 shrinivaasanka-Inspiron-1545 kernel: [    0.328726] pci 0000:00:1d.0: System wakeup disabled by ACPI
Jan 28 13:56:20 shrinivaasanka-Inspiron-1545 kernel: [    0.328841] pci 0000:00:1d.1: [8086:2935] type 00 class 0x0c0300
Jan 28 13:56:20 shrinivaasanka-Inspiron-1545 kernel: [    0.328918] pci 0000:00:1d.1: reg 0x20: [io  0x6f20-0x6f3f]
Jan 28 13:56:20 shrinivaasanka-Inspiron-1545 kernel: [    0.333708] pci 0000:00:1d.1: System wakeup disabled by ACPI
Jan 28 13:56:20 shrinivaasanka-Inspiron-1545 kernel: [    0.333823] pci 0000:00:1d.2: [8086:2936] type 00 class 0x0c0300
Jan 28 13:56:20 shrinivaasanka-Inspiron-1545 kernel: [    0.333899] pci 0000:00:1d.2: reg 0x20: [io  0x6f40-0x6f5f]
Jan 28 13:56:20 shrinivaasanka-Inspiron-1545 kernel: [    0.338827] pci 0000:00:1d.2: System wakeup disabled by ACPI
Jan 28 13:56:20 shrinivaasanka-Inspiron-1545 kernel: [    0.338950] pci 0000:00:1d.7: [8086:293a] type 00 class 0x0c0320
Jan 28 13:56:20 shrinivaasanka-Inspiron-1545 kernel: [    0.338983] pci 0000:00:1d.7: reg 0x10: [mem 0xfed1c000-0xfed1c3ff]
Jan 28 13:56:20 shrinivaasanka-Inspiron-1545 kernel: [    0.339116] pci 0000:00:1d.7: PME# supported from D0 D3hot D3cold
Jan 28 13:56:20 shrinivaasanka-Inspiron-1545 kernel: [    0.344133] pci 0000:00:1d.7: System wakeup disabled by ACPI
Jan 28 13:56:20 shrinivaasanka-Inspiron-1545 kernel: [    0.344246] pci 0000:00:1e.0: [8086:2448] type 01 class 0x060401
Jan 28 13:56:20 shrinivaasanka-Inspiron-1545 kernel: [    0.344434] pci 0000:00:1e.0: System wakeup disabled by ACPI
Jan 28 13:56:20 shrinivaasanka-Inspiron-1545 kernel: [    0.344547] pci 0000:00:1f.0: [8086:2919] type 00 class 0x060100
Jan 28 13:56:20 shrinivaasanka-Inspiron-1545 kernel: [    0.344898] pci 0000:00:1f.2: [8086:2929] type 00 class 0x010601
Jan 28 13:56:20 shrinivaasanka-Inspiron-1545 kernel: [    0.344931] pci 0000:00:1f.2: reg 0x10: [io  0x6e70-0x6e77]
Jan 28 13:56:20 shrinivaasanka-Inspiron-1545 kernel: [    0.344948] pci 0000:00:1f.2: reg 0x14: [io  0x6e78-0x6e7b]
Jan 28 13:56:20 shrinivaasanka-Inspiron-1545 kernel: [    0.344964] pci 0000:00:1f.2: reg 0x18: [io  0x6e80-0x6e87]
Jan 28 13:56:20 shrinivaasanka-Inspiron-1545 kernel: [    0.344981] pci 0000:00:1f.2: reg 0x1c: [io  0x6e88-0x6e8b]
Jan 28 13:56:20 shrinivaasanka-Inspiron-1545 kernel: [    0.344997] pci 0000:00:1f.2: reg 0x20: [io  0x6ea0-0x6ebf]
Jan 28 13:56:20 shrinivaasanka-Inspiron-1545 kernel: [    0.345015] pci 0000:00:1f.2: reg 0x24: [mem 0xfed1c800-0xfed1cfff]
Jan 28 13:56:20 shrinivaasanka-Inspiron-1545 kernel: [    0.345092] pci 0000:00:1f.2: PME# supported from D3hot
Jan 28 13:56:20 shrinivaasanka-Inspiron-1545 kernel: [    0.345295] pci 0000:00:1f.3: [8086:2930] type 00 class 0x0c0500
Jan 28 13:56:20 shrinivaasanka-Inspiron-1545 kernel: [    0.345326] pci 0000:00:1f.3: reg 0x10: [mem 0xf6afbf00-0xf6afbfff 64bit]
Jan 28 13:56:20 shrinivaasanka-Inspiron-1545 kernel: [    0.345368] pci 0000:00:1f.3: reg 0x20: [io  0x1100-0x111f]
Jan 28 13:56:20 shrinivaasanka-Inspiron-1545 kernel: [    0.345687] pci 0000:00:1c.0: PCI bridge to [bus 0b]
Jan 28 13:56:20 shrinivaasanka-Inspiron-1545 kernel: [    0.346076] pci 0000:0c:00.0: [14e4:4315] type 00 class 0x028000
Jan 28 13:56:20 shrinivaasanka-Inspiron-1545 kernel: [    0.346165] pci 0000:0c:00.0: reg 0x10: [mem 0xf69fc000-0xf69fffff 64bit]
Jan 28 13:56:20 shrinivaasanka-Inspiron-1545 kernel: [    0.346585] pci 0000:0c:00.0: supports D1 D2
Jan 28 13:56:20 shrinivaasanka-Inspiron-1545 kernel: [    0.346589] pci 0000:0c:00.0: PME# supported from D0 D3hot D3cold
Jan 28 13:56:20 shrinivaasanka-Inspiron-1545 kernel: [    0.347046] pci 0000:00:1c.1: PCI bridge to [bus 0c]
Jan 28 13:56:20 shrinivaasanka-Inspiron-1545 kernel: [    0.347059] pci 0000:00:1c.1:   bridge window [mem 0xf6900000-0xf69fffff]
Jan 28 13:56:20 shrinivaasanka-Inspiron-1545 kernel: [    0.347213] pci 0000:09:00.0: [11ab:4354] type 00 class 0x020000
Jan 28 13:56:20 shrinivaasanka-Inspiron-1545 kernel: [    0.347261] pci 0000:09:00.0: reg 0x10: [mem 0xf68fc000-0xf68fffff 64bit]
Jan 28 13:56:20 shrinivaasanka-Inspiron-1545 kernel: [    0.347284] pci 0000:09:00.0: reg 0x18: [io  0xde00-0xdeff]
Jan 28 13:56:20 shrinivaasanka-Inspiron-1545 kernel: [    0.347457] pci 0000:09:00.0: supports D1 D2
Jan 28 13:56:20 shrinivaasanka-Inspiron-1545 kernel: [    0.347461] pci 0000:09:00.0: PME# supported from D0 D1 D2 D3hot D3cold
Jan 28 13:56:20 shrinivaasanka-Inspiron-1545 kernel: [    0.352034] pci 0000:00:1c.2: PCI bridge to [bus 09]
Jan 28 13:56:20 shrinivaasanka-Inspiron-1545 kernel: [    0.352043] pci 0000:00:1c.2:   bridge window [io  0xd000-0xdfff]
Jan 28 13:56:20 shrinivaasanka-Inspiron-1545 kernel: [    0.352051] pci 0000:00:1c.2:   bridge window [mem 0xf6800000-0xf68fffff]
Jan 28 13:56:20 shrinivaasanka-Inspiron-1545 kernel: [    0.352215] acpiphp: Slot [1] registered
Jan 28 13:56:20 shrinivaasanka-Inspiron-1545 kernel: [    0.352226] pci 0000:00:1c.4: PCI bridge to [bus 0d-0e]
Jan 28 13:56:20 shrinivaasanka-Inspiron-1545 kernel: [    0.352235] pci 0000:00:1c.4:   bridge window [io  0xc000-0xcfff]
Jan 28 13:56:20 shrinivaasanka-Inspiron-1545 kernel: [    0.352243] pci 0000:00:1c.4:   bridge window [mem 0xf6600000-0xf67fffff]
Jan 28 13:56:20 shrinivaasanka-Inspiron-1545 kernel: [    0.352254] pci 0000:00:1c.4:   bridge window [mem 0xf0000000-0xf01fffff 64bit pref]
Jan 28 13:56:20 shrinivaasanka-Inspiron-1545 kernel: [    0.352434] pci 0000:00:1e.0: PCI bridge to [bus 03] (subtractive decode)
Jan 28 13:56:20 shrinivaasanka-Inspiron-1545 kernel: [    0.352454] pci 0000:00:1e.0:   bridge window [io  0x0000-0x0cf7 window] (subtractive decode)
Jan 28 13:56:20 shrinivaasanka-Inspiron-1545 kernel: [    0.352459] pci 0000:00:1e.0:   bridge window [io  0x0d00-0xffff window] (subtractive decode)
Jan 28 13:56:20 shrinivaasanka-Inspiron-1545 kernel: [    0.352463] pci 0000:00:1e.0:   bridge window [mem 0x000a0000-0x000bffff window] (subtractive decode)
Jan 28 13:56:20 shrinivaasanka-Inspiron-1545 kernel: [    0.352468] pci 0000:00:1e.0:   bridge window [mem 0x000d0000-0x000dffff window] (subtractive decode)
Jan 28 13:56:20 shrinivaasanka-Inspiron-1545 kernel: [    0.352473] pci 0000:00:1e.0:   bridge window [mem 0xc0000000-0xf7ffffff window] (subtractive decode)
Jan 28 13:56:20 shrinivaasanka-Inspiron-1545 kernel: [    0.352477] pci 0000:00:1e.0:   bridge window [mem 0xfc000000-0xfebfffff window] (subtractive decode)
Jan 28 13:56:20 shrinivaasanka-Inspiron-1545 kernel: [    0.352482] pci 0000:00:1e.0:   bridge window [mem 0xfec10000-0xfecfffff window] (subtractive decode)
Jan 28 13:56:20 shrinivaasanka-Inspiron-1545 kernel: [    0.352486] pci 0000:00:1e.0:   bridge window [mem 0xfed1c000-0xfed1ffff window] (subtractive decode)
Jan 28 13:56:20 shrinivaasanka-Inspiron-1545 kernel: [    0.352491] pci 0000:00:1e.0:   bridge window [mem 0xfed90000-0xfed9ffff window] (subtractive decode)
Jan 28 13:56:20 shrinivaasanka-Inspiron-1545 kernel: [    0.352495] pci 0000:00:1e.0:   bridge window [mem 0xfeda7000-0xfedfffff window] (subtractive decode)
Jan 28 13:56:20 shrinivaasanka-Inspiron-1545 kernel: [    0.352500] pci 0000:00:1e.0:   bridge window [mem 0xfee10000-0xff9fffff window] (subtractive decode)
Jan 28 13:56:20 shrinivaasanka-Inspiron-1545 kernel: [    0.352504] pci 0000:00:1e.0:   bridge window [mem 0xffc00000-0xffdfffff window] (subtractive decode)
Jan 28 13:56:20 shrinivaasanka-Inspiron-1545 kernel: [    0.352756] pci_bus 0000:00: on NUMA node 0
Jan 28 13:56:20 shrinivaasanka-Inspiron-1545 kernel: [    0.353555] ACPI: PCI Interrupt Link [LNKA] (IRQs *10 11)
Jan 28 13:56:20 shrinivaasanka-Inspiron-1545 kernel: [    0.353721] ACPI: PCI Interrupt Link [LNKB] (IRQs 5 7) *4
Jan 28 13:56:20 shrinivaasanka-Inspiron-1545 kernel: [    0.353885] ACPI: PCI Interrupt Link [LNKC] (IRQs *10 11)
Jan 28 13:56:20 shrinivaasanka-Inspiron-1545 kernel: [    0.354025] ACPI: PCI Interrupt Link [LNKD] (IRQs 5 7 10 11) *0, disabled.
Jan 28 13:56:20 shrinivaasanka-Inspiron-1545 kernel: [    0.354190] ACPI: PCI Interrupt Link [LNKE] (IRQs 3 4 5 6 7 10 *11 12 14 15)
Jan 28 13:56:20 shrinivaasanka-Inspiron-1545 kernel: [    0.354359] ACPI: PCI Interrupt Link [LNKF] (IRQs 3 4 5 6 *7 10 11 12 14 15)
Jan 28 13:56:20 shrinivaasanka-Inspiron-1545 kernel: [    0.354528] ACPI: PCI Interrupt Link [LNKG] (IRQs 3 4 *5 6 7 10 11 12 14 15)
Jan 28 13:56:20 shrinivaasanka-Inspiron-1545 kernel: [    0.354673] ACPI: PCI Interrupt Link [LNKH] (IRQs 3 4 5 6 7 10 11 12 14 15) *0, disabled.
Jan 28 13:56:20 shrinivaasanka-Inspiron-1545 kernel: [    0.355204] ACPI: Enabled 4 GPEs in block 00 to 3F
Jan 28 13:56:20 shrinivaasanka-Inspiron-1545 kernel: [    0.355414] vgaarb: setting as boot device: PCI:0000:00:02.0
Jan 28 13:56:20 shrinivaasanka-Inspiron-1545 kernel: [    0.355414] vgaarb: device added: PCI:0000:00:02.0,decodes=io+mem,owns=io+mem,locks=none
Jan 28 13:56:20 shrinivaasanka-Inspiron-1545 kernel: [    0.355414] vgaarb: loaded
Jan 28 13:56:20 shrinivaasanka-Inspiron-1545 kernel: [    0.355414] vgaarb: bridge control possible 0000:00:02.0
Jan 28 13:56:20 shrinivaasanka-Inspiron-1545 kernel: [    0.356102] SCSI subsystem initialized
Jan 28 13:56:20 shrinivaasanka-Inspiron-1545 kernel: [    0.356156] libata version 3.00 loaded.
Jan 28 13:56:20 shrinivaasanka-Inspiron-1545 kernel: [    0.356156] ACPI: bus type USB registered
Jan 28 13:56:20 shrinivaasanka-Inspiron-1545 kernel: [    0.356156] usbcore: registered new interface driver usbfs
Jan 28 13:56:20 shrinivaasanka-Inspiron-1545 kernel: [    0.356176] usbcore: registered new interface driver hub
Jan 28 13:56:20 shrinivaasanka-Inspiron-1545 kernel: [    0.356207] usbcore: registered new device driver usb
Jan 28 13:56:20 shrinivaasanka-Inspiron-1545 kernel: [    0.356336] PCI: Using ACPI for IRQ routing
Jan 28 13:56:20 shrinivaasanka-Inspiron-1545 kernel: [    0.359200] PCI: pci_cache_line_size set to 64 bytes
Jan 28 13:56:20 shrinivaasanka-Inspiron-1545 kernel: [    0.360030] e820: reserve RAM buffer [mem 0x0009f000-0x0009ffff]
Jan 28 13:56:20 shrinivaasanka-Inspiron-1545 kernel: [    0.360035] e820: reserve RAM buffer [mem 0xbd8bf400-0xbfffffff]
Jan 28 13:56:20 shrinivaasanka-Inspiron-1545 kernel: [    0.360305] NetLabel: Initializing
Jan 28 13:56:20 shrinivaasanka-Inspiron-1545 kernel: [    0.360309] NetLabel:  domain hash size = 128
Jan 28 13:56:20 shrinivaasanka-Inspiron-1545 kernel: [    0.360311] NetLabel:  protocols = UNLABELED CIPSOv4
Jan 28 13:56:20 shrinivaasanka-Inspiron-1545 kernel: [    0.360332] NetLabel:  unlabeled traffic allowed by default
Jan 28 13:56:20 shrinivaasanka-Inspiron-1545 kernel: [    0.360390] HPET: 4 timers in total, 0 timers will be used for per-cpu timer
Jan 28 13:56:20 shrinivaasanka-Inspiron-1545 kernel: [    0.360390] hpet0: at MMIO 0xfed00000, IRQs 2, 8, 0, 0
Jan 28 13:56:20 shrinivaasanka-Inspiron-1545 kernel: [    0.360390] hpet0: 4 comparators, 64-bit 14.318180 MHz counter
Jan 28 13:56:20 shrinivaasanka-Inspiron-1545 kernel: [    0.362297] Switched to clocksource hpet
Jan 28 13:56:20 shrinivaasanka-Inspiron-1545 kernel: [    0.378764] AppArmor: AppArmor Filesystem Enabled
Jan 28 13:56:20 shrinivaasanka-Inspiron-1545 kernel: [    0.378920] pnp: PnP ACPI init
Jan 28 13:56:20 shrinivaasanka-Inspiron-1545 kernel: [    0.379110] system 00:00: [mem 0xff800000-0xff8fffff] has been reserved
Jan 28 13:56:20 shrinivaasanka-Inspiron-1545 kernel: [    0.379116] system 00:00: [mem 0xffc00000-0xffcfffff] has been reserved
Jan 28 13:56:20 shrinivaasanka-Inspiron-1545 kernel: [    0.379125] system 00:00: Plug and Play ACPI device, IDs PNP0c02 (active)
Jan 28 13:56:20 shrinivaasanka-Inspiron-1545 kernel: [    0.379234] pnp 00:01: Plug and Play ACPI device, IDs PNP0f13 (active)
Jan 28 13:56:20 shrinivaasanka-Inspiron-1545 kernel: [    0.379325] pnp 00:02: Plug and Play ACPI device, IDs PNP0303 (active)
Jan 28 13:56:20 shrinivaasanka-Inspiron-1545 kernel: [    0.379417] pnp 00:03: Plug and Play ACPI device, IDs PNP0b00 (active)
Jan 28 13:56:20 shrinivaasanka-Inspiron-1545 kernel: [    0.379522] system 00:04: Plug and Play ACPI device, IDs PNP0c01 (active)
Jan 28 13:56:20 shrinivaasanka-Inspiron-1545 kernel: [    0.379682] system 00:05: [mem 0xfed00000-0xfed003ff] has been reserved
Jan 28 13:56:20 shrinivaasanka-Inspiron-1545 kernel: [    0.379690] system 00:05: Plug and Play ACPI device, IDs PNP0103 PNP0c01 (active)
Jan 28 13:56:20 shrinivaasanka-Inspiron-1545 kernel: [    0.380047] system 00:06: [io  0x0900-0x097f] has been reserved
Jan 28 13:56:20 shrinivaasanka-Inspiron-1545 kernel: [    0.380053] system 00:06: [io  0x04d0-0x04d1] has been reserved
Jan 28 13:56:20 shrinivaasanka-Inspiron-1545 kernel: [    0.380059] system 00:06: [io  0x1000-0x1005] has been reserved
Jan 28 13:56:20 shrinivaasanka-Inspiron-1545 kernel: [    0.380064] system 00:06: [io  0x1008-0x100f] has been reserved
Jan 28 13:56:20 shrinivaasanka-Inspiron-1545 kernel: [    0.380071] system 00:06: Plug and Play ACPI device, IDs PNP0c01 (active)
Jan 28 13:56:20 shrinivaasanka-Inspiron-1545 kernel: [    0.380186] system 00:07: [io  0xf400-0xf4fe] has been reserved
Jan 28 13:56:20 shrinivaasanka-Inspiron-1545 kernel: [    0.380191] system 00:07: [io  0x1006-0x1007] has been reserved
Jan 28 13:56:20 shrinivaasanka-Inspiron-1545 kernel: [    0.380197] system 00:07: [io  0x100a-0x1059] could not be reserved
Jan 28 13:56:20 shrinivaasanka-Inspiron-1545 kernel: [    0.380202] system 00:07: [io  0x1060-0x107f] has been reserved
Jan 28 13:56:20 shrinivaasanka-Inspiron-1545 kernel: [    0.380207] system 00:07: [io  0x1080-0x10bf] has been reserved
Jan 28 13:56:20 shrinivaasanka-Inspiron-1545 kernel: [    0.380212] system 00:07: [io  0x1100-0x111f] has been reserved
Jan 28 13:56:20 shrinivaasanka-Inspiron-1545 kernel: [    0.380217] system 00:07: [io  0x1010-0x102f] could not be reserved
Jan 28 13:56:20 shrinivaasanka-Inspiron-1545 kernel: [    0.380222] system 00:07: [io  0x0809] has been reserved
Jan 28 13:56:20 shrinivaasanka-Inspiron-1545 kernel: [    0.380229] system 00:07: Plug and Play ACPI device, IDs PNP0c01 (active)
Jan 28 13:56:20 shrinivaasanka-Inspiron-1545 kernel: [    0.407127] system 00:08: [mem 0x00000000-0x0009efff] could not be reserved
Jan 28 13:56:20 shrinivaasanka-Inspiron-1545 kernel: [    0.407134] system 00:08: [mem 0x0009f000-0x0009ffff] could not be reserved
Jan 28 13:56:20 shrinivaasanka-Inspiron-1545 kernel: [    0.407140] system 00:08: [mem 0x000c0000-0x000cffff] could not be reserved
Jan 28 13:56:20 shrinivaasanka-Inspiron-1545 kernel: [    0.407145] system 00:08: [mem 0x000e0000-0x000fffff] could not be reserved
Jan 28 13:56:20 shrinivaasanka-Inspiron-1545 kernel: [    0.407151] system 00:08: [mem 0x00100000-0xbd8bf3ff] could not be reserved
Jan 28 13:56:20 shrinivaasanka-Inspiron-1545 kernel: [    0.407156] system 00:08: [mem 0xbd8bf400-0xbdafffff] could not be reserved
Jan 28 13:56:20 shrinivaasanka-Inspiron-1545 kernel: [    0.407162] system 00:08: [mem 0xbdb00000-0xbdbfffff] has been reserved
Jan 28 13:56:20 shrinivaasanka-Inspiron-1545 kernel: [    0.407167] system 00:08: [mem 0xffe00000-0xffffffff] has been reserved
Jan 28 13:56:20 shrinivaasanka-Inspiron-1545 kernel: [    0.407173] system 00:08: [mem 0xffa00000-0xffbfffff] has been reserved
Jan 28 13:56:20 shrinivaasanka-Inspiron-1545 kernel: [    0.407178] system 00:08: [mem 0xfec00000-0xfec0ffff] could not be reserved
Jan 28 13:56:20 shrinivaasanka-Inspiron-1545 kernel: [    0.407183] system 00:08: [mem 0xfee00000-0xfee0ffff] has been reserved
Jan 28 13:56:20 shrinivaasanka-Inspiron-1545 kernel: [    0.407189] system 00:08: [mem 0xfed20000-0xfed8ffff] has been reserved
Jan 28 13:56:20 shrinivaasanka-Inspiron-1545 kernel: [    0.407194] system 00:08: [mem 0xfeda0000-0xfeda3fff] has been reserved
Jan 28 13:56:20 shrinivaasanka-Inspiron-1545 kernel: [    0.407199] system 00:08: [mem 0xfeda4000-0xfeda4fff] has been reserved
Jan 28 13:56:20 shrinivaasanka-Inspiron-1545 kernel: [    0.407205] system 00:08: [mem 0xfeda5000-0xfeda5fff] has been reserved
Jan 28 13:56:20 shrinivaasanka-Inspiron-1545 kernel: [    0.407210] system 00:08: [mem 0xfeda6000-0xfeda6fff] has been reserved
Jan 28 13:56:20 shrinivaasanka-Inspiron-1545 kernel: [    0.407215] system 00:08: [mem 0xfed1c800-0xfed1cfff] has been reserved
Jan 28 13:56:20 shrinivaasanka-Inspiron-1545 kernel: [    0.407221] system 00:08: [mem 0xfed18000-0xfed1bfff] has been reserved
Jan 28 13:56:20 shrinivaasanka-Inspiron-1545 kernel: [    0.407226] system 00:08: [mem 0xf8000000-0xfbffffff] has been reserved
Jan 28 13:56:20 shrinivaasanka-Inspiron-1545 kernel: [    0.407233] system 00:08: Plug and Play ACPI device, IDs PNP0c01 (active)
Jan 28 13:56:20 shrinivaasanka-Inspiron-1545 kernel: [    0.407300] pnp: PnP ACPI: found 9 devices
Jan 28 13:56:20 shrinivaasanka-Inspiron-1545 kernel: [    0.407310] PnPBIOS: Disabled by ACPI PNP
Jan 28 13:56:20 shrinivaasanka-Inspiron-1545 kernel: [    0.446945] clocksource acpi_pm: mask: 0xffffff max_cycles: 0xffffff, max_idle_ns: 2085701024 ns
Jan 28 13:56:20 shrinivaasanka-Inspiron-1545 kernel: [    0.446977] pci 0000:00:1c.0: bridge window [io  0x1000-0x0fff] to [bus 0b] add_size 1000
Jan 28 13:56:20 shrinivaasanka-Inspiron-1545 kernel: [    0.446985] pci 0000:00:1c.0: bridge window [mem 0x00100000-0x000fffff 64bit pref] to [bus 0b] add_size 200000 add_align 100000
Jan 28 13:56:20 shrinivaasanka-Inspiron-1545 kernel: [    0.446991] pci 0000:00:1c.0: bridge window [mem 0x00100000-0x000fffff] to [bus 0b] add_size 200000 add_align 100000
Jan 28 13:56:20 shrinivaasanka-Inspiron-1545 kernel: [    0.447008] pci 0000:00:1c.1: bridge window [io  0x1000-0x0fff] to [bus 0c] add_size 1000
Jan 28 13:56:20 shrinivaasanka-Inspiron-1545 kernel: [    0.447014] pci 0000:00:1c.1: bridge window [mem 0x00100000-0x000fffff 64bit pref] to [bus 0c] add_size 200000 add_align 100000
Jan 28 13:56:20 shrinivaasanka-Inspiron-1545 kernel: [    0.447032] pci 0000:00:1c.2: bridge window [mem 0x00100000-0x000fffff 64bit pref] to [bus 09] add_size 200000 add_align 100000
Jan 28 13:56:20 shrinivaasanka-Inspiron-1545 kernel: [    0.447067] pci 0000:00:1c.0: res[14]=[mem 0x00100000-0x000fffff] res_to_dev_res add_size 200000 min_align 100000
Jan 28 13:56:20 shrinivaasanka-Inspiron-1545 kernel: [    0.447073] pci 0000:00:1c.0: res[14]=[mem 0x00100000-0x002fffff] res_to_dev_res add_size 200000 min_align 100000
Jan 28 13:56:20 shrinivaasanka-Inspiron-1545 kernel: [    0.447078] pci 0000:00:1c.0: res[15]=[mem 0x00100000-0x000fffff 64bit pref] res_to_dev_res add_size 200000 min_align 100000
Jan 28 13:56:20 shrinivaasanka-Inspiron-1545 kernel: [    0.447083] pci 0000:00:1c.0: res[15]=[mem 0x00100000-0x002fffff 64bit pref] res_to_dev_res add_size 200000 min_align 100000
Jan 28 13:56:20 shrinivaasanka-Inspiron-1545 kernel: [    0.447089] pci 0000:00:1c.1: res[15]=[mem 0x00100000-0x000fffff 64bit pref] res_to_dev_res add_size 200000 min_align 100000
Jan 28 13:56:20 shrinivaasanka-Inspiron-1545 kernel: [    0.447094] pci 0000:00:1c.1: res[15]=[mem 0x00100000-0x002fffff 64bit pref] res_to_dev_res add_size 200000 min_align 100000
Jan 28 13:56:20 shrinivaasanka-Inspiron-1545 kernel: [    0.447100] pci 0000:00:1c.2: res[15]=[mem 0x00100000-0x000fffff 64bit pref] res_to_dev_res add_size 200000 min_align 100000
Jan 28 13:56:20 shrinivaasanka-Inspiron-1545 kernel: [    0.447105] pci 0000:00:1c.2: res[15]=[mem 0x00100000-0x002fffff 64bit pref] res_to_dev_res add_size 200000 min_align 100000
Jan 28 13:56:20 shrinivaasanka-Inspiron-1545 kernel: [    0.447111] pci 0000:00:1c.0: res[13]=[io  0x1000-0x0fff] res_to_dev_res add_size 1000 min_align 1000
Jan 28 13:56:20 shrinivaasanka-Inspiron-1545 kernel: [    0.447116] pci 0000:00:1c.0: res[13]=[io  0x1000-0x1fff] res_to_dev_res add_size 1000 min_align 1000
Jan 28 13:56:20 shrinivaasanka-Inspiron-1545 kernel: [    0.447121] pci 0000:00:1c.1: res[13]=[io  0x1000-0x0fff] res_to_dev_res add_size 1000 min_align 1000
Jan 28 13:56:20 shrinivaasanka-Inspiron-1545 kernel: [    0.447126] pci 0000:00:1c.1: res[13]=[io  0x1000-0x1fff] res_to_dev_res add_size 1000 min_align 1000
Jan 28 13:56:20 shrinivaasanka-Inspiron-1545 kernel: [    0.447137] pci 0000:00:1c.0: BAR 14: assigned [mem 0xc0000000-0xc01fffff]
Jan 28 13:56:20 shrinivaasanka-Inspiron-1545 kernel: [    0.447155] pci 0000:00:1c.0: BAR 15: assigned [mem 0xc0200000-0xc03fffff 64bit pref]
Jan 28 13:56:20 shrinivaasanka-Inspiron-1545 kernel: [    0.447172] pci 0000:00:1c.1: BAR 15: assigned [mem 0xc0400000-0xc05fffff 64bit pref]
Jan 28 13:56:20 shrinivaasanka-Inspiron-1545 kernel: [    0.447188] pci 0000:00:1c.2: BAR 15: assigned [mem 0xc0600000-0xc07fffff 64bit pref]
Jan 28 13:56:20 shrinivaasanka-Inspiron-1545 kernel: [    0.447196] pci 0000:00:1c.0: BAR 13: assigned [io  0x2000-0x2fff]
Jan 28 13:56:20 shrinivaasanka-Inspiron-1545 kernel: [    0.447203] pci 0000:00:1c.1: BAR 13: assigned [io  0x3000-0x3fff]
Jan 28 13:56:20 shrinivaasanka-Inspiron-1545 kernel: [    0.447209] pci 0000:00:1c.0: PCI bridge to [bus 0b]
Jan 28 13:56:20 shrinivaasanka-Inspiron-1545 kernel: [    0.447216] pci 0000:00:1c.0:   bridge window [io  0x2000-0x2fff]
Jan 28 13:56:20 shrinivaasanka-Inspiron-1545 kernel: [    0.447225] pci 0000:00:1c.0:   bridge window [mem 0xc0000000-0xc01fffff]
Jan 28 13:56:20 shrinivaasanka-Inspiron-1545 kernel: [    0.447233] pci 0000:00:1c.0:   bridge window [mem 0xc0200000-0xc03fffff 64bit pref]
Jan 28 13:56:20 shrinivaasanka-Inspiron-1545 kernel: [    0.447245] pci 0000:00:1c.1: PCI bridge to [bus 0c]
Jan 28 13:56:20 shrinivaasanka-Inspiron-1545 kernel: [    0.447251] pci 0000:00:1c.1:   bridge window [io  0x3000-0x3fff]
Jan 28 13:56:20 shrinivaasanka-Inspiron-1545 kernel: [    0.447260] pci 0000:00:1c.1:   bridge window [mem 0xf6900000-0xf69fffff]
Jan 28 13:56:20 shrinivaasanka-Inspiron-1545 kernel: [    0.447268] pci 0000:00:1c.1:   bridge window [mem 0xc0400000-0xc05fffff 64bit pref]
Jan 28 13:56:20 shrinivaasanka-Inspiron-1545 kernel: [    0.447280] pci 0000:00:1c.2: PCI bridge to [bus 09]
Jan 28 13:56:20 shrinivaasanka-Inspiron-1545 kernel: [    0.447286] pci 0000:00:1c.2:   bridge window [io  0xd000-0xdfff]
Jan 28 13:56:20 shrinivaasanka-Inspiron-1545 kernel: [    0.447295] pci 0000:00:1c.2:   bridge window [mem 0xf6800000-0xf68fffff]
Jan 28 13:56:20 shrinivaasanka-Inspiron-1545 kernel: [    0.447303] pci 0000:00:1c.2:   bridge window [mem 0xc0600000-0xc07fffff 64bit pref]
Jan 28 13:56:20 shrinivaasanka-Inspiron-1545 kernel: [    0.447314] pci 0000:00:1c.4: PCI bridge to [bus 0d-0e]
Jan 28 13:56:20 shrinivaasanka-Inspiron-1545 kernel: [    0.447320] pci 0000:00:1c.4:   bridge window [io  0xc000-0xcfff]
Jan 28 13:56:20 shrinivaasanka-Inspiron-1545 kernel: [    0.447329] pci 0000:00:1c.4:   bridge window [mem 0xf6600000-0xf67fffff]
Jan 28 13:56:20 shrinivaasanka-Inspiron-1545 kernel: [    0.447337] pci 0000:00:1c.4:   bridge window [mem 0xf0000000-0xf01fffff 64bit pref]
Jan 28 13:56:20 shrinivaasanka-Inspiron-1545 kernel: [    0.447348] pci 0000:00:1e.0: PCI bridge to [bus 03]
Jan 28 13:56:20 shrinivaasanka-Inspiron-1545 kernel: [    0.447371] pci_bus 0000:00: resource 4 [io  0x0000-0x0cf7 window]
Jan 28 13:56:20 shrinivaasanka-Inspiron-1545 kernel: [    0.447375] pci_bus 0000:00: resource 5 [io  0x0d00-0xffff window]
Jan 28 13:56:20 shrinivaasanka-Inspiron-1545 kernel: [    0.447380] pci_bus 0000:00: resource 6 [mem 0x000a0000-0x000bffff window]
Jan 28 13:56:20 shrinivaasanka-Inspiron-1545 kernel: [    0.447384] pci_bus 0000:00: resource 7 [mem 0x000d0000-0x000dffff window]
Jan 28 13:56:20 shrinivaasanka-Inspiron-1545 kernel: [    0.447389] pci_bus 0000:00: resource 8 [mem 0xc0000000-0xf7ffffff window]
Jan 28 13:56:20 shrinivaasanka-Inspiron-1545 kernel: [    0.447393] pci_bus 0000:00: resource 9 [mem 0xfc000000-0xfebfffff window]
Jan 28 13:56:20 shrinivaasanka-Inspiron-1545 kernel: [    0.447398] pci_bus 0000:00: resource 10 [mem 0xfec10000-0xfecfffff window]
Jan 28 13:56:20 shrinivaasanka-Inspiron-1545 kernel: [    0.447402] pci_bus 0000:00: resource 11 [mem 0xfed1c000-0xfed1ffff window]
Jan 28 13:56:20 shrinivaasanka-Inspiron-1545 kernel: [    0.447407] pci_bus 0000:00: resource 12 [mem 0xfed90000-0xfed9ffff window]
Jan 28 13:56:20 shrinivaasanka-Inspiron-1545 kernel: [    0.447412] pci_bus 0000:00: resource 13 [mem 0xfeda7000-0xfedfffff window]
Jan 28 13:56:20 shrinivaasanka-Inspiron-1545 kernel: [    0.447416] pci_bus 0000:00: resource 14 [mem 0xfee10000-0xff9fffff window]
Jan 28 13:56:20 shrinivaasanka-Inspiron-1545 kernel: [    0.447421] pci_bus 0000:00: resource 15 [mem 0xffc00000-0xffdfffff window]
Jan 28 13:56:20 shrinivaasanka-Inspiron-1545 kernel: [    0.447425] pci_bus 0000:0b: resource 0 [io  0x2000-0x2fff]
Jan 28 13:56:20 shrinivaasanka-Inspiron-1545 kernel: [    0.447430] pci_bus 0000:0b: resource 1 [mem 0xc0000000-0xc01fffff]
Jan 28 13:56:20 shrinivaasanka-Inspiron-1545 kernel: [    0.447434] pci_bus 0000:0b: resource 2 [mem 0xc0200000-0xc03fffff 64bit pref]
Jan 28 13:56:20 shrinivaasanka-Inspiron-1545 kernel: [    0.447439] pci_bus 0000:0c: resource 0 [io  0x3000-0x3fff]
Jan 28 13:56:20 shrinivaasanka-Inspiron-1545 kernel: [    0.447443] pci_bus 0000:0c: resource 1 [mem 0xf6900000-0xf69fffff]
Jan 28 13:56:20 shrinivaasanka-Inspiron-1545 kernel: [    0.447447] pci_bus 0000:0c: resource 2 [mem 0xc0400000-0xc05fffff 64bit pref]
Jan 28 13:56:20 shrinivaasanka-Inspiron-1545 kernel: [    0.447451] pci_bus 0000:09: resource 0 [io  0xd000-0xdfff]
Jan 28 13:56:20 shrinivaasanka-Inspiron-1545 kernel: [    0.447456] pci_bus 0000:09: resource 1 [mem 0xf6800000-0xf68fffff]
Jan 28 13:56:20 shrinivaasanka-Inspiron-1545 kernel: [    0.447460] pci_bus 0000:09: resource 2 [mem 0xc0600000-0xc07fffff 64bit pref]
Jan 28 13:56:20 shrinivaasanka-Inspiron-1545 kernel: [    0.447464] pci_bus 0000:0d: resource 0 [io  0xc000-0xcfff]
Jan 28 13:56:20 shrinivaasanka-Inspiron-1545 kernel: [    0.447469] pci_bus 0000:0d: resource 1 [mem 0xf6600000-0xf67fffff]
Jan 28 13:56:20 shrinivaasanka-Inspiron-1545 kernel: [    0.447473] pci_bus 0000:0d: resource 2 [mem 0xf0000000-0xf01fffff 64bit pref]
Jan 28 13:56:20 shrinivaasanka-Inspiron-1545 kernel: [    0.447478] pci_bus 0000:03: resource 4 [io  0x0000-0x0cf7 window]
Jan 28 13:56:20 shrinivaasanka-Inspiron-1545 kernel: [    0.447482] pci_bus 0000:03: resource 5 [io  0x0d00-0xffff window]
Jan 28 13:56:20 shrinivaasanka-Inspiron-1545 kernel: [    0.447486] pci_bus 0000:03: resource 6 [mem 0x000a0000-0x000bffff window]
Jan 28 13:56:20 shrinivaasanka-Inspiron-1545 kernel: [    0.447491] pci_bus 0000:03: resource 7 [mem 0x000d0000-0x000dffff window]
Jan 28 13:56:20 shrinivaasanka-Inspiron-1545 kernel: [    0.447495] pci_bus 0000:03: resource 8 [mem 0xc0000000-0xf7ffffff window]
Jan 28 13:56:20 shrinivaasanka-Inspiron-1545 kernel: [    0.447500] pci_bus 0000:03: resource 9 [mem 0xfc000000-0xfebfffff window]
Jan 28 13:56:20 shrinivaasanka-Inspiron-1545 kernel: [    0.447504] pci_bus 0000:03: resource 10 [mem 0xfec10000-0xfecfffff window]
Jan 28 13:56:20 shrinivaasanka-Inspiron-1545 kernel: [    0.447508] pci_bus 0000:03: resource 11 [mem 0xfed1c000-0xfed1ffff window]
Jan 28 13:56:20 shrinivaasanka-Inspiron-1545 kernel: [    0.447513] pci_bus 0000:03: resource 12 [mem 0xfed90000-0xfed9ffff window]
Jan 28 13:56:20 shrinivaasanka-Inspiron-1545 kernel: [    0.447517] pci_bus 0000:03: resource 13 [mem 0xfeda7000-0xfedfffff window]
Jan 28 13:56:20 shrinivaasanka-Inspiron-1545 kernel: [    0.447522] pci_bus 0000:03: resource 14 [mem 0xfee10000-0xff9fffff window]
Jan 28 13:56:20 shrinivaasanka-Inspiron-1545 kernel: [    0.447526] pci_bus 0000:03: resource 15 [mem 0xffc00000-0xffdfffff window]
Jan 28 13:56:20 shrinivaasanka-Inspiron-1545 kernel: [    0.447588] NET: Registered protocol family 2
Jan 28 13:56:20 shrinivaasanka-Inspiron-1545 kernel: [    0.447951] TCP established hash table entries: 8192 (order: 3, 32768 bytes)
Jan 28 13:56:20 shrinivaasanka-Inspiron-1545 kernel: [    0.447977] TCP bind hash table entries: 8192 (order: 4, 65536 bytes)
Jan 28 13:56:20 shrinivaasanka-Inspiron-1545 kernel: [    0.448030] TCP: Hash tables configured (established 8192 bind 8192)
Jan 28 13:56:20 shrinivaasanka-Inspiron-1545 kernel: [    0.448078] UDP hash table entries: 512 (order: 2, 16384 bytes)
Jan 28 13:56:20 shrinivaasanka-Inspiron-1545 kernel: [    0.448091] UDP-Lite hash table entries: 512 (order: 2, 16384 bytes)
Jan 28 13:56:20 shrinivaasanka-Inspiron-1545 kernel: [    0.448166] NET: Registered protocol family 1
Jan 28 13:56:20 shrinivaasanka-Inspiron-1545 kernel: [    0.448196] pci 0000:00:02.0: Video device with shadowed ROM
Jan 28 13:56:20 shrinivaasanka-Inspiron-1545 kernel: [    0.453464] PCI: CLS 64 bytes, default 64
Jan 28 13:56:20 shrinivaasanka-Inspiron-1545 kernel: [    0.453560] Trying to unpack rootfs image as initramfs...
Jan 28 13:56:20 shrinivaasanka-Inspiron-1545 kernel: [    6.729891] Freeing initrd memory: 159692K (e480a000 - ee3fd000)
Jan 28 13:56:20 shrinivaasanka-Inspiron-1545 kernel: [    6.730347] microcode: CPU0 sig=0x1067a, pf=0x80, revision=0xa0b
Jan 28 13:56:20 shrinivaasanka-Inspiron-1545 kernel: [    6.730365] microcode: CPU1 sig=0x1067a, pf=0x80, revision=0xa0b
Jan 28 13:56:20 shrinivaasanka-Inspiron-1545 kernel: [    6.730514] microcode: Microcode Update Driver: v2.00 <tigran@aivazian.fsnet.co.uk>, Peter Oruba
Jan 28 13:56:20 shrinivaasanka-Inspiron-1545 kernel: [    6.730584] Scanning for low memory corruption every 60 seconds
Jan 28 13:56:20 shrinivaasanka-Inspiron-1545 kernel: [    6.731216] futex hash table entries: 512 (order: 3, 32768 bytes)
Jan 28 13:56:20 shrinivaasanka-Inspiron-1545 kernel: [    6.731248] Initialise system trusted keyring
Jan 28 13:56:20 shrinivaasanka-Inspiron-1545 kernel: [    6.731295] audit: initializing netlink subsys (disabled)
Jan 28 13:56:20 shrinivaasanka-Inspiron-1545 kernel: [    6.731328] audit: type=2000 audit(1453969565.724:1): initialized
Jan 28 13:56:20 shrinivaasanka-Inspiron-1545 kernel: [    6.731987] HugeTLB registered 2 MB page size, pre-allocated 0 pages
Jan 28 13:56:20 shrinivaasanka-Inspiron-1545 kernel: [    6.736926] zpool: loaded
Jan 28 13:56:20 shrinivaasanka-Inspiron-1545 kernel: [    6.736932] zbud: loaded
Jan 28 13:56:20 shrinivaasanka-Inspiron-1545 kernel: [    6.737080] VFS: Disk quotas dquot_6.6.0
Jan 28 13:56:20 shrinivaasanka-Inspiron-1545 kernel: [    6.737179] VFS: Dquot-cache hash table entries: 1024 (order 0, 4096 bytes)
Jan 28 13:56:20 shrinivaasanka-Inspiron-1545 kernel: [    6.738336] fuse init (API version 7.23)
Jan 28 13:56:20 shrinivaasanka-Inspiron-1545 kernel: [    6.738716] Key type big_key registered
Jan 28 13:56:20 shrinivaasanka-Inspiron-1545 kernel: [    6.739382] Key type asymmetric registered
Jan 28 13:56:20 shrinivaasanka-Inspiron-1545 kernel: [    6.739389] Asymmetric key parser 'x509' registered
Jan 28 13:56:20 shrinivaasanka-Inspiron-1545 kernel: [    6.739426] bounce: pool size: 64 pages
Jan 28 13:56:20 shrinivaasanka-Inspiron-1545 kernel: [    6.739513] Block layer SCSI generic (bsg) driver version 0.4 loaded (major 251)
Jan 28 13:56:20 shrinivaasanka-Inspiron-1545 kernel: [    6.739574] io scheduler noop registered
Jan 28 13:56:20 shrinivaasanka-Inspiron-1545 kernel: [    6.739580] io scheduler deadline registered (default)
Jan 28 13:56:20 shrinivaasanka-Inspiron-1545 kernel: [    6.739669] io scheduler cfq registered
Jan 28 13:56:20 shrinivaasanka-Inspiron-1545 kernel: [    6.741847] pci_hotplug: PCI Hot Plug PCI Core version: 0.5
Jan 28 13:56:20 shrinivaasanka-Inspiron-1545 kernel: [    6.741890] pciehp: PCI Express Hot Plug Controller Driver version: 0.4
Jan 28 13:56:20 shrinivaasanka-Inspiron-1545 kernel: [    6.741972] vesafb: mode is 1024x768x32, linelength=4096, pages=0
Jan 28 13:56:20 shrinivaasanka-Inspiron-1545 kernel: [    6.741975] vesafb: scrolling: redraw
Jan 28 13:56:20 shrinivaasanka-Inspiron-1545 kernel: [    6.741980] vesafb: Truecolor: size=8:8:8:8, shift=24:16:8:0
Jan 28 13:56:20 shrinivaasanka-Inspiron-1545 kernel: [    6.742020] vesafb: framebuffer at 0xe0000000, mapped to 0xf8600000, using 3072k, total 3072k
Jan 28 13:56:20 shrinivaasanka-Inspiron-1545 kernel: [    6.786122] Console: switching to colour frame buffer device 128x48
Jan 28 13:56:20 shrinivaasanka-Inspiron-1545 kernel: [    6.830007] fb0: VESA VGA frame buffer device
Jan 28 13:56:20 shrinivaasanka-Inspiron-1545 kernel: [    6.830050] intel_idle: does not run on family 6 model 23
Jan 28 13:56:20 shrinivaasanka-Inspiron-1545 kernel: [    6.830225] ACPI: AC Adapter [AC] (on-line)
Jan 28 13:56:20 shrinivaasanka-Inspiron-1545 kernel: [    6.830396] input: Lid Switch as /devices/LNXSYSTM:00/LNXSYBUS:00/PNP0C0D:00/input/input0
Jan 28 13:56:20 shrinivaasanka-Inspiron-1545 kernel: [    6.831413] ACPI: Lid Switch [LID]
Jan 28 13:56:20 shrinivaasanka-Inspiron-1545 kernel: [    6.831522] input: Power Button as /devices/LNXSYSTM:00/LNXSYBUS:00/PNP0C0C:00/input/input1
Jan 28 13:56:20 shrinivaasanka-Inspiron-1545 kernel: [    6.831529] ACPI: Power Button [PBTN]
Jan 28 13:56:20 shrinivaasanka-Inspiron-1545 kernel: [    6.831635] input: Sleep Button as /devices/LNXSYSTM:00/LNXSYBUS:00/PNP0C0E:00/input/input2
Jan 28 13:56:20 shrinivaasanka-Inspiron-1545 kernel: [    6.831641] ACPI: Sleep Button [SBTN]
Jan 28 13:56:20 shrinivaasanka-Inspiron-1545 kernel: [    6.831853] Monitor-Mwait will be used to enter C-1 state
Jan 28 13:56:20 shrinivaasanka-Inspiron-1545 kernel: [    6.831864] Monitor-Mwait will be used to enter C-2 state
Jan 28 13:56:20 shrinivaasanka-Inspiron-1545 kernel: [    6.831871] Monitor-Mwait will be used to enter C-3 state
Jan 28 13:56:20 shrinivaasanka-Inspiron-1545 kernel: [    6.831878] tsc: Marking TSC unstable due to TSC halts in idle
Jan 28 13:56:20 shrinivaasanka-Inspiron-1545 kernel: [    6.831892] ACPI: acpi_idle registered with cpuidle
Jan 28 13:56:20 shrinivaasanka-Inspiron-1545 kernel: [    6.853482] thermal LNXTHERM:00: registered as thermal_zone0
Jan 28 13:56:20 shrinivaasanka-Inspiron-1545 kernel: [    6.853487] ACPI: Thermal Zone [THM] (57 C)
Jan 28 13:56:20 shrinivaasanka-Inspiron-1545 kernel: [    6.853564] GHES: HEST is not enabled!
Jan 28 13:56:20 shrinivaasanka-Inspiron-1545 kernel: [    6.853601] isapnp: Scanning for PnP cards...
Jan 28 13:56:20 shrinivaasanka-Inspiron-1545 kernel: [    6.923755] ACPI: Battery Slot [BAT0] (battery present)
Jan 28 13:56:20 shrinivaasanka-Inspiron-1545 kernel: [    7.201954] isapnp: No Plug & Play device found
Jan 28 13:56:20 shrinivaasanka-Inspiron-1545 kernel: [    7.202208] Serial: 8250/16550 driver, 32 ports, IRQ sharing enabled
Jan 28 13:56:20 shrinivaasanka-Inspiron-1545 kernel: [    7.207111] Linux agpgart interface v0.103
Jan 28 13:56:20 shrinivaasanka-Inspiron-1545 kernel: [    7.207326] agpgart-intel 0000:00:00.0: Intel GM45 Chipset
Jan 28 13:56:20 shrinivaasanka-Inspiron-1545 kernel: [    7.207357] agpgart-intel 0000:00:00.0: detected gtt size: 2097152K total, 262144K mappable
Jan 28 13:56:20 shrinivaasanka-Inspiron-1545 kernel: [    7.208354] agpgart-intel 0000:00:00.0: detected 32768K stolen memory
Jan 28 13:56:20 shrinivaasanka-Inspiron-1545 kernel: [    7.208590] agpgart-intel 0000:00:00.0: AGP aperture is 256M @ 0xe0000000
Jan 28 13:56:20 shrinivaasanka-Inspiron-1545 kernel: [    7.214790] brd: module loaded
Jan 28 13:56:20 shrinivaasanka-Inspiron-1545 kernel: [    7.217364] loop: module loaded
Jan 28 13:56:20 shrinivaasanka-Inspiron-1545 kernel: [    7.217929] libphy: Fixed MDIO Bus: probed
Jan 28 13:56:20 shrinivaasanka-Inspiron-1545 kernel: [    7.217935] tun: Universal TUN/TAP device driver, 1.6
Jan 28 13:56:20 shrinivaasanka-Inspiron-1545 kernel: [    7.217938] tun: (C) 1999-2004 Max Krasnyansky <maxk@qualcomm.com>
Jan 28 13:56:20 shrinivaasanka-Inspiron-1545 kernel: [    7.218063] PPP generic driver version 2.4.2
Jan 28 13:56:20 shrinivaasanka-Inspiron-1545 kernel: [    7.218255] ehci_hcd: USB 2.0 'Enhanced' Host Controller (EHCI) Driver
Jan 28 13:56:20 shrinivaasanka-Inspiron-1545 kernel: [    7.218265] ehci-pci: EHCI PCI platform driver
Jan 28 13:56:20 shrinivaasanka-Inspiron-1545 kernel: [    7.218698] ehci-pci 0000:00:1a.7: EHCI Host Controller
Jan 28 13:56:20 shrinivaasanka-Inspiron-1545 kernel: [    7.218713] ehci-pci 0000:00:1a.7: new USB bus registered, assigned bus number 1
Jan 28 13:56:20 shrinivaasanka-Inspiron-1545 kernel: [    7.218735] ehci-pci 0000:00:1a.7: debug port 1
Jan 28 13:56:20 shrinivaasanka-Inspiron-1545 kernel: [    7.222640] ehci-pci 0000:00:1a.7: cache line size of 64 is not supported
Jan 28 13:56:20 shrinivaasanka-Inspiron-1545 kernel: [    7.222672] ehci-pci 0000:00:1a.7: irq 22, io mem 0xfed1c400
Jan 28 13:56:20 shrinivaasanka-Inspiron-1545 kernel: [    7.232037] ehci-pci 0000:00:1a.7: USB 2.0 started, EHCI 1.00
Jan 28 13:56:20 shrinivaasanka-Inspiron-1545 kernel: [    7.232120] usb usb1: New USB device found, idVendor=1d6b, idProduct=0002
Jan 28 13:56:20 shrinivaasanka-Inspiron-1545 kernel: [    7.232125] usb usb1: New USB device strings: Mfr=3, Product=2, SerialNumber=1
Jan 28 13:56:20 shrinivaasanka-Inspiron-1545 kernel: [    7.232129] usb usb1: Product: EHCI Host Controller
Jan 28 13:56:20 shrinivaasanka-Inspiron-1545 kernel: [    7.232134] usb usb1: Manufacturer: Linux 4.1.5 ehci_hcd
Jan 28 13:56:20 shrinivaasanka-Inspiron-1545 kernel: [    7.232138] usb usb1: SerialNumber: 0000:00:1a.7
Jan 28 13:56:20 shrinivaasanka-Inspiron-1545 kernel: [    7.232450] hub 1-0:1.0: USB hub found
Jan 28 13:56:20 shrinivaasanka-Inspiron-1545 kernel: [    7.232466] hub 1-0:1.0: 6 ports detected
Jan 28 13:56:20 shrinivaasanka-Inspiron-1545 kernel: [    7.233356] ehci-pci 0000:00:1d.7: EHCI Host Controller
Jan 28 13:56:20 shrinivaasanka-Inspiron-1545 kernel: [    7.233368] ehci-pci 0000:00:1d.7: new USB bus registered, assigned bus number 2
Jan 28 13:56:20 shrinivaasanka-Inspiron-1545 kernel: [    7.233386] ehci-pci 0000:00:1d.7: debug port 1
Jan 28 13:56:20 shrinivaasanka-Inspiron-1545 kernel: [    7.237319] ehci-pci 0000:00:1d.7: cache line size of 64 is not supported
Jan 28 13:56:20 shrinivaasanka-Inspiron-1545 kernel: [    7.237344] ehci-pci 0000:00:1d.7: irq 20, io mem 0xfed1c000
Jan 28 13:56:20 shrinivaasanka-Inspiron-1545 kernel: [    7.248043] ehci-pci 0000:00:1d.7: USB 2.0 started, EHCI 1.00
Jan 28 13:56:20 shrinivaasanka-Inspiron-1545 kernel: [    7.248122] usb usb2: New USB device found, idVendor=1d6b, idProduct=0002
Jan 28 13:56:20 shrinivaasanka-Inspiron-1545 kernel: [    7.248127] usb usb2: New USB device strings: Mfr=3, Product=2, SerialNumber=1
Jan 28 13:56:20 shrinivaasanka-Inspiron-1545 kernel: [    7.248131] usb usb2: Product: EHCI Host Controller
Jan 28 13:56:20 shrinivaasanka-Inspiron-1545 kernel: [    7.248135] usb usb2: Manufacturer: Linux 4.1.5 ehci_hcd
Jan 28 13:56:20 shrinivaasanka-Inspiron-1545 kernel: [    7.248139] usb usb2: SerialNumber: 0000:00:1d.7
Jan 28 13:56:20 shrinivaasanka-Inspiron-1545 kernel: [    7.248428] hub 2-0:1.0: USB hub found
Jan 28 13:56:20 shrinivaasanka-Inspiron-1545 kernel: [    7.248442] hub 2-0:1.0: 6 ports detected
Jan 28 13:56:20 shrinivaasanka-Inspiron-1545 kernel: [    7.248957] ehci-platform: EHCI generic platform driver
Jan 28 13:56:20 shrinivaasanka-Inspiron-1545 kernel: [    7.248981] ohci_hcd: USB 1.1 'Open' Host Controller (OHCI) Driver
Jan 28 13:56:20 shrinivaasanka-Inspiron-1545 kernel: [    7.248990] ohci-pci: OHCI PCI platform driver
Jan 28 13:56:20 shrinivaasanka-Inspiron-1545 kernel: [    7.249021] ohci-platform: OHCI generic platform driver
Jan 28 13:56:20 shrinivaasanka-Inspiron-1545 kernel: [    7.249043] uhci_hcd: USB Universal Host Controller Interface driver
Jan 28 13:56:20 shrinivaasanka-Inspiron-1545 kernel: [    7.249387] uhci_hcd 0000:00:1a.0: UHCI Host Controller
Jan 28 13:56:20 shrinivaasanka-Inspiron-1545 kernel: [    7.249399] uhci_hcd 0000:00:1a.0: new USB bus registered, assigned bus number 3
Jan 28 13:56:20 shrinivaasanka-Inspiron-1545 kernel: [    7.249410] uhci_hcd 0000:00:1a.0: detected 2 ports
Jan 28 13:56:20 shrinivaasanka-Inspiron-1545 kernel: [    7.249438] uhci_hcd 0000:00:1a.0: irq 20, io base 0x00006f60
Jan 28 13:56:20 shrinivaasanka-Inspiron-1545 kernel: [    7.249528] usb usb3: New USB device found, idVendor=1d6b, idProduct=0001
Jan 28 13:56:20 shrinivaasanka-Inspiron-1545 kernel: [    7.249533] usb usb3: New USB device strings: Mfr=3, Product=2, SerialNumber=1
Jan 28 13:56:20 shrinivaasanka-Inspiron-1545 kernel: [    7.249537] usb usb3: Product: UHCI Host Controller
Jan 28 13:56:20 shrinivaasanka-Inspiron-1545 kernel: [    7.249541] usb usb3: Manufacturer: Linux 4.1.5 uhci_hcd
Jan 28 13:56:20 shrinivaasanka-Inspiron-1545 kernel: [    7.249545] usb usb3: SerialNumber: 0000:00:1a.0
Jan 28 13:56:20 shrinivaasanka-Inspiron-1545 kernel: [    7.249836] hub 3-0:1.0: USB hub found
Jan 28 13:56:20 shrinivaasanka-Inspiron-1545 kernel: [    7.249850] hub 3-0:1.0: 2 ports detected
Jan 28 13:56:20 shrinivaasanka-Inspiron-1545 kernel: [    7.250423] uhci_hcd 0000:00:1a.1: UHCI Host Controller
Jan 28 13:56:20 shrinivaasanka-Inspiron-1545 kernel: [    7.250438] uhci_hcd 0000:00:1a.1: new USB bus registered, assigned bus number 4
Jan 28 13:56:20 shrinivaasanka-Inspiron-1545 kernel: [    7.250449] uhci_hcd 0000:00:1a.1: detected 2 ports
Jan 28 13:56:20 shrinivaasanka-Inspiron-1545 kernel: [    7.250491] uhci_hcd 0000:00:1a.1: irq 21, io base 0x00006f80
Jan 28 13:56:20 shrinivaasanka-Inspiron-1545 kernel: [    7.250582] usb usb4: New USB device found, idVendor=1d6b, idProduct=0001
Jan 28 13:56:20 shrinivaasanka-Inspiron-1545 kernel: [    7.250587] usb usb4: New USB device strings: Mfr=3, Product=2, SerialNumber=1
Jan 28 13:56:20 shrinivaasanka-Inspiron-1545 kernel: [    7.250591] usb usb4: Product: UHCI Host Controller
Jan 28 13:56:20 shrinivaasanka-Inspiron-1545 kernel: [    7.250595] usb usb4: Manufacturer: Linux 4.1.5 uhci_hcd
Jan 28 13:56:20 shrinivaasanka-Inspiron-1545 kernel: [    7.250599] usb usb4: SerialNumber: 0000:00:1a.1
Jan 28 13:56:20 shrinivaasanka-Inspiron-1545 kernel: [    7.250891] hub 4-0:1.0: USB hub found
Jan 28 13:56:20 shrinivaasanka-Inspiron-1545 kernel: [    7.250905] hub 4-0:1.0: 2 ports detected
Jan 28 13:56:20 shrinivaasanka-Inspiron-1545 kernel: [    7.251465] uhci_hcd 0000:00:1a.2: UHCI Host Controller
Jan 28 13:56:20 shrinivaasanka-Inspiron-1545 kernel: [    7.251477] uhci_hcd 0000:00:1a.2: new USB bus registered, assigned bus number 5
Jan 28 13:56:20 shrinivaasanka-Inspiron-1545 kernel: [    7.251488] uhci_hcd 0000:00:1a.2: detected 2 ports
Jan 28 13:56:20 shrinivaasanka-Inspiron-1545 kernel: [    7.251516] uhci_hcd 0000:00:1a.2: irq 22, io base 0x00006fa0
Jan 28 13:56:20 shrinivaasanka-Inspiron-1545 kernel: [    7.251606] usb usb5: New USB device found, idVendor=1d6b, idProduct=0001
Jan 28 13:56:20 shrinivaasanka-Inspiron-1545 kernel: [    7.251610] usb usb5: New USB device strings: Mfr=3, Product=2, SerialNumber=1
Jan 28 13:56:20 shrinivaasanka-Inspiron-1545 kernel: [    7.251614] usb usb5: Product: UHCI Host Controller
Jan 28 13:56:20 shrinivaasanka-Inspiron-1545 kernel: [    7.251618] usb usb5: Manufacturer: Linux 4.1.5 uhci_hcd
Jan 28 13:56:20 shrinivaasanka-Inspiron-1545 kernel: [    7.251622] usb usb5: SerialNumber: 0000:00:1a.2
Jan 28 13:56:20 shrinivaasanka-Inspiron-1545 kernel: [    7.251917] hub 5-0:1.0: USB hub found
Jan 28 13:56:20 shrinivaasanka-Inspiron-1545 kernel: [    7.251931] hub 5-0:1.0: 2 ports detected
Jan 28 13:56:20 shrinivaasanka-Inspiron-1545 kernel: [    7.252518] uhci_hcd 0000:00:1d.0: UHCI Host Controller
Jan 28 13:56:20 shrinivaasanka-Inspiron-1545 kernel: [    7.252530] uhci_hcd 0000:00:1d.0: new USB bus registered, assigned bus number 6
Jan 28 13:56:20 shrinivaasanka-Inspiron-1545 kernel: [    7.252541] uhci_hcd 0000:00:1d.0: detected 2 ports
Jan 28 13:56:20 shrinivaasanka-Inspiron-1545 kernel: [    7.252568] uhci_hcd 0000:00:1d.0: irq 20, io base 0x00006f00
Jan 28 13:56:20 shrinivaasanka-Inspiron-1545 kernel: [    7.252661] usb usb6: New USB device found, idVendor=1d6b, idProduct=0001
Jan 28 13:56:20 shrinivaasanka-Inspiron-1545 kernel: [    7.252666] usb usb6: New USB device strings: Mfr=3, Product=2, SerialNumber=1
Jan 28 13:56:20 shrinivaasanka-Inspiron-1545 kernel: [    7.252670] usb usb6: Product: UHCI Host Controller
Jan 28 13:56:20 shrinivaasanka-Inspiron-1545 kernel: [    7.252674] usb usb6: Manufacturer: Linux 4.1.5 uhci_hcd
Jan 28 13:56:20 shrinivaasanka-Inspiron-1545 kernel: [    7.252678] usb usb6: SerialNumber: 0000:00:1d.0
Jan 28 13:56:20 shrinivaasanka-Inspiron-1545 kernel: [    7.252968] hub 6-0:1.0: USB hub found
Jan 28 13:56:20 shrinivaasanka-Inspiron-1545 kernel: [    7.252982] hub 6-0:1.0: 2 ports detected
Jan 28 13:56:20 shrinivaasanka-Inspiron-1545 kernel: [    7.253546] uhci_hcd 0000:00:1d.1: UHCI Host Controller
Jan 28 13:56:20 shrinivaasanka-Inspiron-1545 kernel: [    7.253557] uhci_hcd 0000:00:1d.1: new USB bus registered, assigned bus number 7
Jan 28 13:56:20 shrinivaasanka-Inspiron-1545 kernel: [    7.253568] uhci_hcd 0000:00:1d.1: detected 2 ports
Jan 28 13:56:20 shrinivaasanka-Inspiron-1545 kernel: [    7.253595] uhci_hcd 0000:00:1d.1: irq 21, io base 0x00006f20
Jan 28 13:56:20 shrinivaasanka-Inspiron-1545 kernel: [    7.253683] usb usb7: New USB device found, idVendor=1d6b, idProduct=0001
